Component: ARM Compiler 5.05 update 1 (build 106) Tool: armlink [4d0efa]

==============================================================================

Section Cross References

    snake.o(i.add_head) refers to h1_alloc.o(.text) for malloc
    snake.o(i.add_head) refers to snake.o(.data) for head
    snake.o(i.clear_tail) refers to snake.o(i.draw_block) for draw_block
    snake.o(i.clear_tail) refers to h1_free.o(.text) for free
    snake.o(i.clear_tail) refers to snake.o(.data) for tail
    snake.o(i.draw_block) refers to vga.o(i.vga_draw_point) for vga_draw_point
    snake.o(i.draw_snake) refers to snake.o(i.draw_block) for draw_block
    snake.o(i.draw_snake) refers to snake.o(.data) for tail
    snake.o(i.food_generate) refers to adcrand.o(i.adc_ran_num) for adc_ran_num
    snake.o(i.food_generate) refers to rand.o(.text) for srand
    snake.o(i.food_generate) refers to rand.o(.emb_text) for rand
    snake.o(i.food_generate) refers to snake.o(.data) for tail
    snake.o(i.free_snake) refers to h1_free.o(.text) for free
    snake.o(i.free_snake) refers to snake.o(.data) for tail
    snake.o(i.is_dir_right) refers to snake.o(.data) for my_snake
    snake.o(i.move_on) refers to snake.o(i.add_head) for add_head
    snake.o(i.move_on) refers to snake.o(i.clear_tail) for clear_tail
    snake.o(i.move_on) refers to snake.o(.data) for head
    snake.o(i.on_snaking) refers to controller.o(i.getButtonData) for getButtonData
    snake.o(i.on_snaking) refers to snake.o(i.is_dir_right) for is_dir_right
    snake.o(i.on_snaking) refers to snake.o(i.move_on) for move_on
    snake.o(i.show_score) refers to vga.o(i.vga_clear_screen) for vga_clear_screen
    snake.o(i.show_score) refers to vga.o(i.vga_draw_rec) for vga_draw_rec
    snake.o(i.show_score) refers to vga.o(i.vga_draw_text) for vga_draw_text
    snake.o(i.show_score) refers to vga.o(i.vga_draw_nwords) for vga_draw_nwords
    snake.o(i.show_score) refers to snake.o(.data) for my_snake
    snake.o(i.show_score) refers to bitmap.o(.constdata) for score_map
    snake.o(i.snake_init) refers to h1_alloc.o(.text) for malloc
    snake.o(i.snake_init) refers to snake.o(i.add_head) for add_head
    snake.o(i.snake_init) refers to snake.o(.data) for head
    snake.o(i.snake_start) refers to vga.o(i.vga_clear_screen) for vga_clear_screen
    snake.o(i.snake_start) refers to vga.o(i.vga_draw_rec) for vga_draw_rec
    snake.o(i.snake_start) refers to vga.o(i.vga_draw_text) for vga_draw_text
    snake.o(i.snake_start) refers to controller.o(i.getButtonData) for getButtonData
    snake.o(i.snake_start) refers to snake.o(i.snake_init) for snake_init
    snake.o(i.snake_start) refers to snake.o(i.food_generate) for food_generate
    snake.o(i.snake_start) refers to snake.o(i.draw_snake) for draw_snake
    snake.o(i.snake_start) refers to snake.o(i.draw_block) for draw_block
    snake.o(i.snake_start) refers to vga.o(i.vga_draw_nwords) for vga_draw_nwords
    snake.o(i.snake_start) refers to delay.o(i.delay_ms) for delay_ms
    snake.o(i.snake_start) refers to snake.o(i.on_snaking) for on_snaking
    snake.o(i.snake_start) refers to snake.o(i.free_snake) for free_snake
    snake.o(i.snake_start) refers to snake.o(i.show_score) for show_score
    snake.o(i.snake_start) refers to snake.o(.data) for food
    snake.o(i.snake_start) refers to bitmap.o(.constdata) for score_map
    main.o(i.main) refers to delay.o(i.delay_init) for delay_init
    main.o(i.main) refers to main.o(i.rcc_config) for rcc_config
    main.o(i.main) refers to vga.o(i.vga_init) for vga_init
    main.o(i.main) refers to adcrand.o(i.adcrand_init) for adcrand_init
    main.o(i.main) refers to controller.o(i.controller_config) for controller_config
    main.o(i.main) refers to snake.o(i.snake_start) for snake_start
    main.o(i.rcc_config) refers to stm32f10x_rcc.o(i.RCC_AHBPeriphClockCmd) for RCC_AHBPeriphClockCmd
    main.o(i.rcc_config) refers to stm32f10x_rcc.o(i.RCC_APB2PeriphClockCmd) for RCC_APB2PeriphClockCmd
    main.o(i.rcc_config) refers to stm32f10x_rcc.o(i.RCC_APB1PeriphClockCmd) for RCC_APB1PeriphClockCmd
    vga.o(i.DMA1_Channel3_IRQHandler) refers to vga.o(.data) for vdraw
    vga.o(i.DMA1_Channel3_IRQHandler) refers to vga.o(.bss) for fb
    vga.o(i.TIM1_CC_IRQHandler) refers to vga.o(.data) for vflag
    vga.o(i.TIM2_IRQHandler) refers to vga.o(.data) for vflag
    vga.o(i.spi_config) refers to stm32f10x_gpio.o(i.GPIO_Init) for GPIO_Init
    vga.o(i.spi_config) refers to stm32f10x_spi.o(i.SPI_Cmd) for SPI_Cmd
    vga.o(i.spi_config) refers to stm32f10x_dma.o(i.DMA_DeInit) for DMA_DeInit
    vga.o(i.spi_config) refers to stm32f10x_dma.o(i.DMA_Init) for DMA_Init
    vga.o(i.spi_config) refers to stm32f10x_spi.o(i.SPI_Init) for SPI_Init
    vga.o(i.spi_config) refers to stm32f10x_spi.o(i.SPI_CalculateCRC) for SPI_CalculateCRC
    vga.o(i.spi_config) refers to misc.o(i.NVIC_Init) for NVIC_Init
    vga.o(i.spi_config) refers to stm32f10x_dma.o(i.DMA_ITConfig) for DMA_ITConfig
[...]
    Removing adcrand.o(.revsh_text), (4 bytes).
    Removing adcrand.o(.rrx_text), (6 bytes).
    Removing misc.o(.rev16_text), (4 bytes).
    Removing misc.o(.revsh_text), (4 bytes).
    Removing misc.o(.rrx_text), (6 bytes).
    Removing misc.o(i.NVIC_PriorityGroupConfig), (20 bytes).
    Removing misc.o(i.NVIC_SetVectorTable), (20 bytes).
    Removing misc.o(i.NVIC_SystemLPConfig), (32 bytes).
    Removing misc.o(i.SysTick_CLKSourceConfig), (40 bytes).
    Removing stm32f10x_adc.o(.rev16_text), (4 bytes).
    Removing stm32f10x_adc.o(.revsh_text), (4 bytes).
    Removing stm32f10x_adc.o(.rrx_text), (6 bytes).
    Removing stm32f10x_adc.o(i.ADC_AnalogWatchdogCmd), (20 bytes).
    Removing stm32f10x_adc.o(i.ADC_AnalogWatchdogSingleChannelConfig), (16 bytes).
    Removing stm32f10x_adc.o(i.ADC_AnalogWatchdogThresholdsConfig), (6 bytes).
    Removing stm32f10x_adc.o(i.ADC_AutoInjectedConvCmd), (22 bytes).
    Removing stm32f10x_adc.o(i.ADC_ClearFlag), (6 bytes).
    Removing stm32f10x_adc.o(i.ADC_ClearITPendingBit), (10 bytes).
    Removing stm32f10x_adc.o(i.ADC_DeInit), (92 bytes).
    Removing stm32f10x_adc.o(i.ADC_DiscModeChannelCountConfig), (24 bytes).
    Removing stm32f10x_adc.o(i.ADC_DiscModeCmd), (22 bytes).
    Removing stm32f10x_adc.o(i.ADC_ExternalTrigConvCmd), (22 bytes).
    Removing stm32f10x_adc.o(i.ADC_ExternalTrigInjectedConvCmd), (22 bytes).
    Removing stm32f10x_adc.o(i.ADC_ExternalTrigInjectedConvConfig), (16 bytes).
    Removing stm32f10x_adc.o(i.ADC_GetConversionValue), (8 bytes).
    Removing stm32f10x_adc.o(i.ADC_GetDualModeConversionValue), (12 bytes).
    Removing stm32f10x_adc.o(i.ADC_GetFlagStatus), (18 bytes).
    Removing stm32f10x_adc.o(i.ADC_GetITStatus), (36 bytes).
    Removing stm32f10x_adc.o(i.ADC_GetInjectedConversionValue), (28 bytes).
    Removing stm32f10x_adc.o(i.ADC_GetSoftwareStartConvStatus), (20 bytes).
    Removing stm32f10x_adc.o(i.ADC_GetSoftwareStartInjectedConvCmdStatus), (20 bytes).
    Removing stm32f10x_adc.o(i.ADC_ITConfig), (24 bytes).
    Removing stm32f10x_adc.o(i.ADC_InjectedChannelConfig), (130 bytes).
    Removing stm32f10x_adc.o(i.ADC_InjectedDiscModeCmd), (22 bytes).
    Removing stm32f10x_adc.o(i.ADC_InjectedSequencerLengthConfig), (24 bytes).
    Removing stm32f10x_adc.o(i.ADC_SetInjectedOffset), (20 bytes).
    Removing stm32f10x_adc.o(i.ADC_SoftwareStartInjectedConvCmd), (22 bytes).
    Removing stm32f10x_adc.o(i.ADC_StructInit), (18 bytes).
    Removing stm32f10x_adc.o(i.ADC_TempSensorVrefintCmd), (36 bytes).
    Removing stm32f10x_dma.o(.rev16_text), (4 bytes).
    Removing stm32f10x_dma.o(.revsh_text), (4 bytes).
    Removing stm32f10x_dma.o(.rrx_text), (6 bytes).
    Removing stm32f10x_dma.o(i.DMA_ClearFlag), (28 bytes).
    Removing stm32f10x_dma.o(i.DMA_ClearITPendingBit), (28 bytes).
    Removing stm32f10x_dma.o(i.DMA_GetCurrDataCounter), (8 bytes).
    Removing stm32f10x_dma.o(i.DMA_GetFlagStatus), (44 bytes).
    Removing stm32f10x_dma.o(i.DMA_GetITStatus), (44 bytes).
    Removing stm32f10x_dma.o(i.DMA_SetCurrDataCounter), (4 bytes).
    Removing stm32f10x_dma.o(i.DMA_StructInit), (26 bytes).
    Removing stm32f10x_gpio.o(.rev16_text), (4 bytes).
    Removing stm32f10x_gpio.o(.revsh_text), (4 bytes).
    Removing stm32f10x_gpio.o(.rrx_text), (6 bytes).
    Removing stm32f10x_gpio.o(i.GPIO_AFIODeInit), (20 bytes).
    Removing stm32f10x_gpio.o(i.GPIO_DeInit), (200 bytes).
    Removing stm32f10x_gpio.o(i.GPIO_ETH_MediaInterfaceConfig), (12 bytes).
    Removing stm32f10x_gpio.o(i.GPIO_EXTILineConfig), (64 bytes).
    Removing stm32f10x_gpio.o(i.GPIO_EventOutputCmd), (12 bytes).
    Removing stm32f10x_gpio.o(i.GPIO_EventOutputConfig), (32 bytes).
    Removing stm32f10x_gpio.o(i.GPIO_PinLockConfig), (18 bytes).
    Removing stm32f10x_gpio.o(i.GPIO_PinRemapConfig), (144 bytes).
    Removing stm32f10x_gpio.o(i.GPIO_ReadInputData), (8 bytes).
    Removing stm32f10x_gpio.o(i.GPIO_ReadOutputData), (8 bytes).
    Removing stm32f10x_gpio.o(i.GPIO_ReadOutputDataBit), (18 bytes).
    Removing stm32f10x_gpio.o(i.GPIO_StructInit), (16 bytes).
    Removing stm32f10x_gpio.o(i.GPIO_Write), (4 bytes).
    Removing stm32f10x_gpio.o(i.GPIO_WriteBit), (10 bytes).
    Removing stm32f10x_rcc.o(.rev16_text), (4 bytes).
    Removing stm32f10x_rcc.o(.revsh_text), (4 bytes).
    Removing stm32f10x_rcc.o(.rrx_text), (6 bytes).
    Removing stm32f10x_rcc.o(i.RCC_APB1PeriphResetCmd), (32 bytes).
    Removing stm32f10x_rcc.o(i.RCC_APB2PeriphResetCmd), (32 bytes).
    Removing stm32f10x_rcc.o(i.RCC_AdjustHSICalibrationValue), (24 bytes).
    Removing stm32f10x_rcc.o(i.RCC_BackupResetCmd), (12 bytes).
    Removing stm32f10x_rcc.o(i.RCC_ClearFlag), (20 bytes).
    Removing stm32f10x_rcc.o(i.RCC_ClearITPendingBit), (12 bytes).
    Removing stm32f10x_rcc.o(i.RCC_ClockSecuritySystemCmd), (12 bytes).
    Removing stm32f10x_rcc.o(i.RCC_DeInit), (76 bytes).
    Removing stm32f10x_rcc.o(i.RCC_GetClocksFreq), (212 bytes).
    Removing stm32f10x_rcc.o(i.RCC_GetFlagStatus), (60 bytes).
    Removing stm32f10x_rcc.o(i.RCC_GetITStatus), (24 bytes).
    Removing stm32f10x_rcc.o(i.RCC_GetSYSCLKSource), (16 bytes).
    Removing stm32f10x_rcc.o(i.RCC_HCLKConfig), (24 bytes).
    Removing stm32f10x_rcc.o(i.RCC_HSEConfig), (76 bytes).
    Removing stm32f10x_rcc.o(i.RCC_HSICmd), (12 bytes).
    Removing stm32f10x_rcc.o(i.RCC_ITConfig), (32 bytes).
    Removing stm32f10x_rcc.o(i.RCC_LSEConfig), (52 bytes).
    Removing stm32f10x_rcc.o(i.RCC_LSICmd), (12 bytes).
    Removing stm32f10x_rcc.o(i.RCC_MCOConfig), (12 bytes).
    Removing stm32f10x_rcc.o(i.RCC_PCLK1Config), (24 bytes).
    Removing stm32f10x_rcc.o(i.RCC_PCLK2Config), (24 bytes).
    Removing stm32f10x_rcc.o(i.RCC_PLLCmd), (12 bytes).
    Removing stm32f10x_rcc.o(i.RCC_PLLConfig), (28 bytes).
    Removing stm32f10x_rcc.o(i.RCC_RTCCLKCmd), (12 bytes).
    Removing stm32f10x_rcc.o(i.RCC_RTCCLKConfig), (16 bytes).
    Removing stm32f10x_rcc.o(i.RCC_SYSCLKConfig), (24 bytes).
    Removing stm32f10x_rcc.o(i.RCC_USBCLKConfig), (12 bytes).
    Removing stm32f10x_rcc.o(i.RCC_WaitForHSEStartUp), (56 bytes).
    Removing stm32f10x_rcc.o(.data), (20 bytes).
    Removing stm32f10x_spi.o(.rev16_text), (4 bytes).
    Removing stm32f10x_spi.o(.revsh_text), (4 bytes).
    Removing stm32f10x_spi.o(.rrx_text), (6 bytes).
    Removing stm32f10x_spi.o(i.I2S_Cmd), (24 bytes).
    Removing stm32f10x_spi.o(i.I2S_Init), (232 bytes).
    Removing stm32f10x_spi.o(i.I2S_StructInit), (20 bytes).
    Removing stm32f10x_spi.o(i.SPI_BiDirectionalLineConfig), (28 bytes).
    Removing stm32f10x_spi.o(i.SPI_DataSizeConfig), (18 bytes).
    Removing stm32f10x_spi.o(i.SPI_GetCRC), (16 bytes).
    Removing stm32f10x_spi.o(i.SPI_GetCRCPolynomial), (6 bytes).
    Removing stm32f10x_spi.o(i.SPI_I2S_ClearFlag), (6 bytes).
    Removing stm32f10x_spi.o(i.SPI_I2S_ClearITPendingBit), (20 bytes).
    Removing stm32f10x_spi.o(i.SPI_I2S_DMACmd), (18 bytes).
    Removing stm32f10x_spi.o(i.SPI_I2S_DeInit), (88 bytes).
    Removing stm32f10x_spi.o(i.SPI_I2S_GetFlagStatus), (18 bytes).
    Removing stm32f10x_spi.o(i.SPI_I2S_GetITStatus), (52 bytes).
    Removing stm32f10x_spi.o(i.SPI_I2S_ITConfig), (32 bytes).
    Removing stm32f10x_spi.o(i.SPI_I2S_ReceiveData), (6 bytes).
    Removing stm32f10x_spi.o(i.SPI_I2S_SendData), (4 bytes).
    Removing stm32f10x_spi.o(i.SPI_NSSInternalSoftwareConfig), (30 bytes).
    Removing stm32f10x_spi.o(i.SPI_SSOutputCmd), (24 bytes).
    Removing stm32f10x_spi.o(i.SPI_StructInit), (24 bytes).
    Removing stm32f10x_spi.o(i.SPI_TransmitCRC), (10 bytes).
    Removing stm32f10x_tim.o(.rev16_text), (4 bytes).
    Removing stm32f10x_tim.o(.revsh_text), (4 bytes).
    Removing stm32f10x_tim.o(.rrx_text), (6 bytes).
    Removing stm32f10x_tim.o(i.TI1_Config), (128 bytes).
    Removing stm32f10x_tim.o(i.TI2_Config), (152 bytes).
    Removing stm32f10x_tim.o(i.TI3_Config), (144 bytes).
    Removing stm32f10x_tim.o(i.TI4_Config), (152 bytes).
    Removing stm32f10x_tim.o(i.TIM_ARRPreloadConfig), (24 bytes).
    Removing stm32f10x_tim.o(i.TIM_BDTRConfig), (32 bytes).
    Removing stm32f10x_tim.o(i.TIM_BDTRStructInit), (18 bytes).
    Removing stm32f10x_tim.o(i.TIM_CCPreloadControl), (24 bytes).
    Removing stm32f10x_tim.o(i.TIM_CCxCmd), (30 bytes).
    Removing stm32f10x_tim.o(i.TIM_CCxNCmd), (30 bytes).
    Removing stm32f10x_tim.o(i.TIM_ClearFlag), (6 bytes).
    Removing stm32f10x_tim.o(i.TIM_ClearITPendingBit), (6 bytes).
    Removing stm32f10x_tim.o(i.TIM_ClearOC1Ref), (18 bytes).
    Removing stm32f10x_tim.o(i.TIM_ClearOC2Ref), (24 bytes).
    Removing stm32f10x_tim.o(i.TIM_ClearOC3Ref), (18 bytes).
    Removing stm32f10x_tim.o(i.TIM_ClearOC4Ref), (24 bytes).
    Removing stm32f10x_tim.o(i.TIM_CounterModeConfig), (18 bytes).
    Removing stm32f10x_tim.o(i.TIM_DMACmd), (18 bytes).
    Removing stm32f10x_tim.o(i.TIM_DMAConfig), (10 bytes).
    Removing stm32f10x_tim.o(i.TIM_DeInit), (488 bytes).
    Removing stm32f10x_tim.o(i.TIM_ETRClockMode1Config), (54 bytes).
    Removing stm32f10x_tim.o(i.TIM_ETRClockMode2Config), (32 bytes).
    Removing stm32f10x_tim.o(i.TIM_ETRConfig), (28 bytes).
    Removing stm32f10x_tim.o(i.TIM_EncoderInterfaceConfig), (66 bytes).
    Removing stm32f10x_tim.o(i.TIM_ForcedOC1Config), (18 bytes).
    Removing stm32f10x_tim.o(i.TIM_ForcedOC2Config), (26 bytes).
    Removing stm32f10x_tim.o(i.TIM_ForcedOC3Config), (18 bytes).
    Removing stm32f10x_tim.o(i.TIM_ForcedOC4Config), (26 bytes).
    Removing stm32f10x_tim.o(i.TIM_GenerateEvent), (4 bytes).
    Removing stm32f10x_tim.o(i.TIM_GetCapture1), (6 bytes).
    Removing stm32f10x_tim.o(i.TIM_GetCapture2), (6 bytes).
    Removing stm32f10x_tim.o(i.TIM_GetCapture3), (6 bytes).
    Removing stm32f10x_tim.o(i.TIM_GetCapture4), (8 bytes).
    Removing stm32f10x_tim.o(i.TIM_GetCounter), (6 bytes).
    Removing stm32f10x_tim.o(i.TIM_GetFlagStatus), (18 bytes).
    Removing stm32f10x_tim.o(i.TIM_GetITStatus), (34 bytes).
    Removing stm32f10x_tim.o(i.TIM_GetPrescaler), (6 bytes).
    Removing stm32f10x_tim.o(i.TIM_ICInit), (172 bytes).
    Removing stm32f10x_tim.o(i.TIM_ICStructInit), (18 bytes).
    Removing stm32f10x_tim.o(i.TIM_ITRxExternalClockConfig), (24 bytes).
    Removing stm32f10x_tim.o(i.TIM_InternalClockConfig), (12 bytes).
    Removing stm32f10x_tim.o(i.TIM_OC1FastConfig), (18 bytes).
    Removing stm32f10x_tim.o(i.TIM_OC1NPolarityConfig), (18 bytes).
    Removing stm32f10x_tim.o(i.TIM_OC1PolarityConfig), (18 bytes).
    Removing stm32f10x_tim.o(i.TIM_OC1PreloadConfig), (18 bytes).
    Removing stm32f10x_tim.o(i.TIM_OC2FastConfig), (26 bytes).
    Removing stm32f10x_tim.o(i.TIM_OC2NPolarityConfig), (26 bytes).
    Removing stm32f10x_tim.o(i.TIM_OC2PolarityConfig), (26 bytes).
    Removing stm32f10x_tim.o(i.TIM_OC2PreloadConfig), (26 bytes).
    Removing stm32f10x_tim.o(i.TIM_OC3FastConfig), (18 bytes).
    Removing stm32f10x_tim.o(i.TIM_OC3NPolarityConfig), (26 bytes).
    Removing stm32f10x_tim.o(i.TIM_OC3PolarityConfig), (26 bytes).
    Removing stm32f10x_tim.o(i.TIM_OC3PreloadConfig), (18 bytes).
    Removing stm32f10x_tim.o(i.TIM_OC4FastConfig), (26 bytes).
    Removing stm32f10x_tim.o(i.TIM_OC4Init), (124 bytes).
    Removing stm32f10x_tim.o(i.TIM_OC4PolarityConfig), (26 bytes).
    Removing stm32f10x_tim.o(i.TIM_OC4PreloadConfig), (26 bytes).
    Removing stm32f10x_tim.o(i.TIM_OCStructInit), (20 bytes).
    Removing stm32f10x_tim.o(i.TIM_PWMIConfig), (124 bytes).
    Removing stm32f10x_tim.o(i.TIM_PrescalerConfig), (6 bytes).
    Removing stm32f10x_tim.o(i.TIM_SelectCCDMA), (24 bytes).
    Removing stm32f10x_tim.o(i.TIM_SelectCOM), (24 bytes).
    Removing stm32f10x_tim.o(i.TIM_SelectHallSensor), (24 bytes).
    Removing stm32f10x_tim.o(i.TIM_SelectOCxM), (82 bytes).
    Removing stm32f10x_tim.o(i.TIM_SelectOnePulseMode), (18 bytes).
    Removing stm32f10x_tim.o(i.TIM_SetAutoreload), (4 bytes).
    Removing stm32f10x_tim.o(i.TIM_SetClockDivision), (18 bytes).
    Removing stm32f10x_tim.o(i.TIM_SetCompare1), (4 bytes).
    Removing stm32f10x_tim.o(i.TIM_SetCompare2), (4 bytes).
    Removing stm32f10x_tim.o(i.TIM_SetCompare3), (4 bytes).
    Removing stm32f10x_tim.o(i.TIM_SetCompare4), (6 bytes).
    Removing stm32f10x_tim.o(i.TIM_SetCounter), (4 bytes).
    Removing stm32f10x_tim.o(i.TIM_SetIC1Prescaler), (18 bytes).
    Removing stm32f10x_tim.o(i.TIM_SetIC2Prescaler), (26 bytes).
    Removing stm32f10x_tim.o(i.TIM_SetIC3Prescaler), (18 bytes).
    Removing stm32f10x_tim.o(i.TIM_SetIC4Prescaler), (26 bytes).
    Removing stm32f10x_tim.o(i.TIM_TIxExternalClockConfig), (62 bytes).
    Removing stm32f10x_tim.o(i.TIM_TimeBaseStructInit), (18 bytes).
    Removing stm32f10x_tim.o(i.TIM_UpdateDisableConfig), (24 bytes).
    Removing stm32f10x_tim.o(i.TIM_UpdateRequestConfig), (24 bytes).
    Removing system_stm32f10x.o(.rev16_text), (4 bytes).
    Removing system_stm32f10x.o(.revsh_text), (4 bytes).
    Removing system_stm32f10x.o(.rrx_text), (6 bytes).
    Removing system_stm32f10x.o(i.SystemCoreClockUpdate), (164 bytes).
    Removing system_stm32f10x.o(.data), (20 bytes).

235 unused section(s) (total 7024 bytes) removed from the image.

==============================================================================

Image Symbol Table

    Local Symbols

    Symbol Name                              Value     Ov Type        Size  Object(Section)

    ../clib/angel/boardlib.s                 0x00000000   Number         0  boardinit2.o ABSOLUTE
    ../clib/angel/boardlib.s                 0x00000000   Number         0  boardinit3.o ABSOLUTE
    ../clib/angel/boardlib.s                 0x00000000   Number         0  boardinit1.o ABSOLUTE
    ../clib/angel/boardlib.s                 0x00000000   Number         0  boardshut.o ABSOLUTE
    ../clib/angel/handlers.s                 0x00000000   Number         0  __scatter_copy.o ABSOLUTE
    ../clib/angel/handlers.s                 0x00000000   Number         0  __scatter_zi.o ABSOLUTE
    ../clib/angel/kernel.s                   0x00000000   Number         0  __rtentry4.o ABSOLUTE
    ../clib/angel/kernel.s                   0x00000000   Number         0  __rtentry.o ABSOLUTE
    ../clib/angel/kernel.s                   0x00000000   Number         0  rtexit2.o ABSOLUTE
    ../clib/angel/kernel.s                   0x00000000   Number         0  rtexit.o ABSOLUTE
    ../clib/angel/kernel.s                   0x00000000   Number         0  __rtentry2.o ABSOLUTE
    ../clib/angel/rt.s                       0x00000000   Number         0  rt_heap_descriptor_intlibspace.o ABSOLUTE
    ../clib/angel/rt.s                       0x00000000   Number         0  rt_heap_descriptor.o ABSOLUTE
    ../clib/angel/rt.s                       0x00000000   Number         0  rt_raise.o ABSOLUTE
    ../clib/angel/scatter.s                  0x00000000   Number         0  __scatter.o ABSOLUTE
    ../clib/angel/startup.s                  0x00000000   Number         0  __main.o ABSOLUTE
    ../clib/angel/sys.s                      0x00000000   Number         0  mutex_dummy.o ABSOLUTE
    ../clib/angel/sys.s                      0x00000000   Number         0  use_no_semi.o ABSOLUTE
    ../clib/angel/sys.s                      0x00000000   Number         0  indicate_semi.o ABSOLUTE
    ../clib/angel/sys.s                      0x00000000   Number         0  sys_stackheap_outer.o ABSOLUTE
    ../clib/angel/sys.s                      0x00000000   Number         0  libspace.o ABSOLUTE
    ../clib/angel/sysapp.c                   0x00000000   Number         0  sys_exit.o ABSOLUTE
    ../clib/angel/sysapp.c                   0x00000000   Number         0  sys_wrch.o ABSOLUTE
    ../clib/angel/sysapp.c                   0x00000000   Number         0  sys_command.o ABSOLUTE
    ../clib/armsys.c                         0x00000000   Number         0  argv_veneer.o ABSOLUTE
    ../clib/armsys.c                         0x00000000   Number         0  argv_veneer.o ABSOLUTE
    ../clib/armsys.c                         0x00000000   Number         0  _get_argv.o ABSOLUTE
    ../clib/armsys.c                         0x00000000   Number         0  _get_argv_nomalloc.o ABSOLUTE
    ../clib/armsys.c                         0x00000000   Number         0  no_argv.o ABSOLUTE
    ../clib/heap1.c                          0x00000000   Number         0  h1_free_mt.o ABSOLUTE
    ../clib/heap1.c                          0x00000000   Number         0  h1_final_mt.o ABSOLUTE
    ../clib/heap1.c                          0x00000000   Number         0  h1_extend.o ABSOLUTE
    ../clib/heap1.c                          0x00000000   Number         0  h1_final.o ABSOLUTE
    ../clib/heap1.c                          0x00000000   Number         0  h1_init_mt.o ABSOLUTE
    ../clib/heap1.c                          0x00000000   Number         0  h1_alloc.o ABSOLUTE
    ../clib/heap1.c                          0x00000000   Number         0  h1_free.o ABSOLUTE
    ../clib/heap1.c                          0x00000000   Number         0  h1_alloc_mt.o ABSOLUTE
    ../clib/heap1.c                          0x00000000   Number         0  h1_extend_mt.o ABSOLUTE
    ../clib/heap1.c                          0x00000000   Number         0  h1_init.o ABSOLUTE
    ../clib/heap2.c                          0x00000000   Number         0  heap2mt.o ABSOLUTE
    ../clib/heap2.c                          0x00000000   Number         0  fdtree.o ABSOLUTE
    ../clib/heap2.c                          0x00000000   Number         0  heap2.o ABSOLUTE
    ../clib/heapalloc.c                      0x00000000   Number         0  maybetermalloc2.o ABSOLUTE
    ../clib/heapalloc.c                      0x00000000   Number         0  hguard.o ABSOLUTE
    ../clib/heapalloc.c                      0x00000000   Number         0  maybetermalloc2.o ABSOLUTE
    ../clib/heapalloc.c                      0x00000000   Number         0  maybetermalloc1.o ABSOLUTE
    ../clib/heapalloc.c                      0x00000000   Number         0  maybetermalloc1.o ABSOLUTE
    ../clib/heapalloc.c                      0x00000000   Number         0  malloc.o ABSOLUTE
    ../clib/heapalloc.c                      0x00000000   Number         0  free.o ABSOLUTE
    ../clib/heapalloc.c                      0x00000000   Number         0  hrguard.o ABSOLUTE
    ../clib/heapalloc.c                      0x00000000   Number         0  heapstubs.o ABSOLUTE
    ../clib/heapalloc.c                      0x00000000   Number         0  term_alloc.o ABSOLUTE
    ../clib/heapalloc.c                      0x00000000   Number         0  init_alloc.o ABSOLUTE
    ../clib/heapaux.c                        0x00000000   Number         0  heapauxi.o ABSOLUTE
    ../clib/heapaux.c                        0x00000000   Number         0  heapauxa.o ABSOLUTE
    ../clib/libinit.s                        0x00000000   Number         0  libshutdown.o ABSOLUTE
    ../clib/libinit.s                        0x00000000   Number         0  libshutdown2.o ABSOLUTE
    ../clib/libinit.s                        0x00000000   Number         0  libinit.o ABSOLUTE
    ../clib/libinit.s                        0x00000000   Number         0  libinit2.o ABSOLUTE
    ../clib/memcpset.s                       0x00000000   Number         0  rt_memcpy_w.o ABSOLUTE
    ../clib/signal.c                         0x00000000   Number         0  defsig_abrt_inner.o ABSOLUTE
    ../clib/signal.c                         0x00000000   Number         0  defsig_segv_inner.o ABSOLUTE
    ../clib/signal.c                         0x00000000   Number         0  defsig_fpe_inner.o ABSOLUTE
    ../clib/signal.c                         0x00000000   Number         0  defsig_cppl_inner.o ABSOLUTE
    ../clib/signal.c                         0x00000000   Number         0  defsig_pvfn_inner.o ABSOLUTE
    ../clib/signal.c                         0x00000000   Number         0  defsig_rtred_inner.o ABSOLUTE
    ../clib/signal.c                         0x00000000   Number         0  defsig_stak_inner.o ABSOLUTE
    ../clib/signal.c                         0x00000000   Number         0  defsig_other.o ABSOLUTE
    ../clib/signal.c                         0x00000000   Number         0  defsig_exit.o ABSOLUTE
    ../clib/signal.c                         0x00000000   Number         0  __raise.o ABSOLUTE
    ../clib/signal.c                         0x00000000   Number         0  defsig_rtmem_outer.o ABSOLUTE
    ../clib/signal.c                         0x00000000   Number         0  defsig_rtmem_inner.o ABSOLUTE
    ../clib/signal.c                         0x00000000   Number         0  defsig_general.o ABSOLUTE
    ../clib/signal.c                         0x00000000   Number         0  defsig_rtmem_formal.o ABSOLUTE
    ../clib/signal.s                         0x00000000   Number         0  defsig.o ABSOLUTE
    ../clib/stdlib.c                         0x00000000   Number         0  rand.o ABSOLUTE
    ../clib/stdlib.c                         0x00000000   Number         0  rand.o ABSOLUTE
    ../clib/stdlib.c                         0x00000000   Number         0  exit.o ABSOLUTE
    ../fplib/fpinit.s                        0x00000000   Number         0  fpinit.o ABSOLUTE
    D:\Keil\ARM\PACK\Keil\STM32F1xx_DFP\2.1.0\Device\StdPeriph_Driver\src\misc.c 0x00000000   Number         0  misc.o ABSOLUTE
    D:\Keil\ARM\PACK\Keil\STM32F1xx_DFP\2.1.0\Device\StdPeriph_Driver\src\stm32f10x_adc.c 0x00000000   Number         0  stm32f10x_adc.o ABSOLUTE
    D:\Keil\ARM\PACK\Keil\STM32F1xx_DFP\2.1.0\Device\StdPeriph_Driver\src\stm32f10x_dma.c 0x00000000   Number         0  stm32f10x_dma.o ABSOLUTE
    D:\Keil\ARM\PACK\Keil\STM32F1xx_DFP\2.1.0\Device\StdPeriph_Driver\src\stm32f10x_gpio.c 0x00000000   Number         0  stm32f10x_gpio.o ABSOLUTE
    D:\Keil\ARM\PACK\Keil\STM32F1xx_DFP\2.1.0\Device\StdPeriph_Driver\src\stm32f10x_rcc.c 0x00000000   Number         0  stm32f10x_rcc.o ABSOLUTE
    D:\Keil\ARM\PACK\Keil\STM32F1xx_DFP\2.1.0\Device\StdPeriph_Driver\src\stm32f10x_spi.c 0x00000000   Number         0  stm32f10x_spi.o ABSOLUTE
    D:\Keil\ARM\PACK\Keil\STM32F1xx_DFP\2.1.0\Device\StdPeriph_Driver\src\stm32f10x_tim.c 0x00000000   Number         0  stm32f10x_tim.o ABSOLUTE
    D:\\Keil\\ARM\\PACK\\Keil\\STM32F1xx_DFP\\2.1.0\\Device\\StdPeriph_Driver\\src\\misc.c 0x00000000   Number         0  misc.o ABSOLUTE
    D:\\Keil\\ARM\\PACK\\Keil\\STM32F1xx_DFP\\2.1.0\\Device\\StdPeriph_Driver\\src\\stm32f10x_adc.c 0x00000000   Number         0  stm32f10x_adc.o ABSOLUTE
    D:\\Keil\\ARM\\PACK\\Keil\\STM32F1xx_DFP\\2.1.0\\Device\\StdPeriph_Driver\\src\\stm32f10x_dma.c 0x00000000   Number         0  stm32f10x_dma.o ABSOLUTE
    D:\\Keil\\ARM\\PACK\\Keil\\STM32F1xx_DFP\\2.1.0\\Device\\StdPeriph_Driver\\src\\stm32f10x_gpio.c 0x00000000   Number         0  stm32f10x_gpio.o ABSOLUTE
    D:\\Keil\\ARM\\PACK\\Keil\\STM32F1xx_DFP\\2.1.0\\Device\\StdPeriph_Driver\\src\\stm32f10x_rcc.c 0x00000000   Number         0  stm32f10x_rcc.o ABSOLUTE
    D:\\Keil\\ARM\\PACK\\Keil\\STM32F1xx_DFP\\2.1.0\\Device\\StdPeriph_Driver\\src\\stm32f10x_spi.c 0x00000000   Number         0  stm32f10x_spi.o ABSOLUTE
    D:\\Keil\\ARM\\PACK\\Keil\\STM32F1xx_DFP\\2.1.0\\Device\\StdPeriph_Driver\\src\\stm32f10x_tim.c 0x00000000   Number         0  stm32f10x_tim.o ABSOLUTE
    RTE\Device\STM32F103C8\startup_stm32f10x_md.s 0x00000000   Number         0  startup_stm32f10x_md.o ABSOLUTE
    RTE\Device\STM32F103C8\system_stm32f10x.c 0x00000000   Number         0  system_stm32f10x.o ABSOLUTE
    RTE\\Device\\STM32F103C8\\system_stm32f10x.c 0x00000000   Number         0  system_stm32f10x.o ABSOLUTE
    dc.s                                     0x00000000   Number         0  dc.o ABSOLUTE
    user\\adcrand.c                          0x00000000   Number         0  adcrand.o ABSOLUTE
    user\\bitmap.c                           0x00000000   Number         0  bitmap.o ABSOLUTE
    user\\controller.c                       0x00000000   Number         0  controller.o ABSOLUTE
    user\\delay.c                            0x00000000   Number         0  delay.o ABSOLUTE
    user\\main.c                             0x00000000   Number         0  main.o ABSOLUTE
    user\\snake.c                            0x00000000   Number         0  snake.o ABSOLUTE
    user\\str_dealing.c                      0x00000000   Number         0  str_dealing.o ABSOLUTE
    user\\vga.c                              0x00000000   Number         0  vga.o ABSOLUTE
    user\adcrand.c                           0x00000000   Number         0  adcrand.o ABSOLUTE
    user\bitmap.c                            0x00000000   Number         0  bitmap.o ABSOLUTE
    user\controller.c                        0x00000000   Number         0  controller.o ABSOLUTE
    user\delay.c                             0x00000000   Number         0  delay.o ABSOLUTE
    user\main.c                              0x00000000   Number         0  main.o ABSOLUTE
    user\snake.c                             0x00000000   Number         0  snake.o ABSOLUTE
    user\str_dealing.c                       0x00000000   Number         0  str_dealing.o ABSOLUTE
    user\vga.c                               0x00000000   Number         0  vga.o ABSOLUTE
    RESET                                    0x08000000   Section      236  startup_stm32f10x_md.o(RESET)
    !!!main                                  0x080000ec   Section        8  __main.o(!!!main)
    !!!scatter                               0x080000f4   Section       52  __scatter.o(!!!scatter)
    !!handler_copy                           0x08000128   Section       26  __scatter_copy.o(!!handler_copy)
    !!handler_zi                             0x08000144   Section       28  __scatter_zi.o(!!handler_zi)
    .ARM.Collect$$libinit$$00000000          0x08000160   Section        2  libinit.o(.ARM.Collect$$libinit$$00000000)
    .ARM.Collect$$libinit$$00000002          0x08000162   Section        0  libinit2.o(.ARM.Collect$$libinit$$00000002)
    .ARM.Collect$$libinit$$00000004          0x08000162   Section        0  libinit2.o(.ARM.Collect$$libinit$$00000004)
    .ARM.Collect$$libinit$$00000005          0x08000162   Section        8  libinit2.o(.ARM.Collect$$libinit$$00000005)
    .ARM.Collect$$libinit$$0000000A          0x0800016a   Section        0  libinit2.o(.ARM.Collect$$libinit$$0000000A)
    .ARM.Collect$$libinit$$0000000C          0x0800016a   Section        0  libinit2.o(.ARM.Collect$$libinit$$0000000C)
    .ARM.Collect$$libinit$$0000000D          0x0800016a   Section        4  libinit2.o(.ARM.Collect$$libinit$$0000000D)
    .ARM.Collect$$libinit$$0000000E          0x0800016e   Section        0  libinit2.o(.ARM.Collect$$libinit$$0000000E)
    .ARM.Collect$$libinit$$00000011          0x0800016e   Section        0  libinit2.o(.ARM.Collect$$libinit$$00000011)
    .ARM.Collect$$libinit$$00000013          0x0800016e   Section        0  libinit2.o(.ARM.Collect$$libinit$$00000013)
    .ARM.Collect$$libinit$$00000015          0x0800016e   Section        0  libinit2.o(.ARM.Collect$$libinit$$00000015)
    .ARM.Collect$$libinit$$00000017          0x0800016e   Section        0  libinit2.o(.ARM.Collect$$libinit$$00000017)
    .ARM.Collect$$libinit$$00000019          0x0800016e   Section        0  libinit2.o(.ARM.Collect$$libinit$$00000019)
    .ARM.Collect$$libinit$$0000001B          0x0800016e   Section        0  libinit2.o(.ARM.Collect$$libinit$$0000001B)
    .ARM.Collect$$libinit$$0000001D          0x0800016e   Section        0  libinit2.o(.ARM.Collect$$libinit$$0000001D)
    .ARM.Collect$$libinit$$0000001F          0x0800016e   Section        0  libinit2.o(.ARM.Collect$$libinit$$0000001F)
    .ARM.Collect$$libinit$$00000021          0x0800016e   Section        0  libinit2.o(.ARM.Collect$$libinit$$00000021)
    .ARM.Collect$$libinit$$00000023          0x0800016e   Section        0  libinit2.o(.ARM.Collect$$libinit$$00000023)
    .ARM.Collect$$libinit$$00000025          0x0800016e   Section        0  libinit2.o(.ARM.Collect$$libinit$$00000025)
    .ARM.Collect$$libinit$$0000002C          0x0800016e   Section        0  libinit2.o(.ARM.Collect$$libinit$$0000002C)
    .ARM.Collect$$libinit$$0000002E          0x0800016e   Section        0  libinit2.o(.ARM.Collect$$libinit$$0000002E)
    .ARM.Collect$$libinit$$00000030          0x0800016e   Section        0  libinit2.o(.ARM.Collect$$libinit$$00000030)
    .ARM.Collect$$libinit$$00000032          0x0800016e   Section        0  libinit2.o(.ARM.Collect$$libinit$$00000032)
    .ARM.Collect$$libinit$$00000033          0x0800016e   Section        2  libinit2.o(.ARM.Collect$$libinit$$00000033)
    .ARM.Collect$$libshutdown$$00000000      0x08000170   Section        2  libshutdown.o(.ARM.Collect$$libshutdown$$00000000)
    .ARM.Collect$$libshutdown$$00000003      0x08000172   Section        0  libshutdown2.o(.ARM.Collect$$libshutdown$$00000003)
    .ARM.Collect$$libshutdown$$00000006      0x08000172   Section        0  libshutdown2.o(.ARM.Collect$$libshutdown$$00000006)
    .ARM.Collect$$libshutdown$$00000009      0x08000172   Section        0  libshutdown2.o(.ARM.Collect$$libshutdown$$00000009)
    .ARM.Collect$$libshutdown$$0000000B      0x08000172   Section        0  libshutdown2.o(.ARM.Collect$$libshutdown$$0000000B)
    .ARM.Collect$$libshutdown$$0000000E      0x08000172   Section        0  libshutdown2.o(.ARM.Collect$$libshutdown$$0000000E)
    .ARM.Collect$$libshutdown$$0000000F      0x08000172   Section        2  libshutdown2.o(.ARM.Collect$$libshutdown$$0000000F)
    .ARM.Collect$$rtentry$$00000000          0x08000174   Section        0  __rtentry.o(.ARM.Collect$$rtentry$$00000000)
    .ARM.Collect$$rtentry$$00000002          0x08000174   Section        0  __rtentry2.o(.ARM.Collect$$rtentry$$00000002)
    .ARM.Collect$$rtentry$$00000004          0x08000174   Section        6  __rtentry4.o(.ARM.Collect$$rtentry$$00000004)
    .ARM.Collect$$rtentry$$00000009          0x0800017a   Section        0  __rtentry2.o(.ARM.Collect$$rtentry$$00000009)
    .ARM.Collect$$rtentry$$0000000A          0x0800017a   Section        4  __rtentry2.o(.ARM.Collect$$rtentry$$0000000A)
    .ARM.Collect$$rtentry$$0000000C          0x0800017e   Section        0  __rtentry2.o(.ARM.Collect$$rtentry$$0000000C)
    .ARM.Collect$$rtentry$$0000000D          0x0800017e   Section        8  __rtentry2.o(.ARM.Collect$$rtentry$$0000000D)
    .ARM.Collect$$rtexit$$00000000           0x08000186   Section        2  rtexit.o(.ARM.Collect$$rtexit$$00000000)
    .ARM.Collect$$rtexit$$00000002           0x08000188   Section        0  rtexit2.o(.ARM.Collect$$rtexit$$00000002)
    .ARM.Collect$$rtexit$$00000003           0x08000188   Section        4  rtexit2.o(.ARM.Collect$$rtexit$$00000003)
    .ARM.Collect$$rtexit$$00000004           0x0800018c   Section        6  rtexit2.o(.ARM.Collect$$rtexit$$00000004)
    .emb_text                                0x08000194   Section       52  rand.o(.emb_text)
    .emb_text                                0x080001c8   Section        0  maybetermalloc1.o(.emb_text)
    .text                                    0x080001c8   Section       64  startup_stm32f10x_md.o(.text)
    .text                                    0x08000208   Section        0  h1_alloc.o(.text)
    .text                                    0x08000266   Section        0  h1_free.o(.text)
    .text                                    0x080002b4   Section        0  rand.o(.text)
    .text                                    0x080002f0   Section        0  heapauxi.o(.text)
    .text                                    0x080002f8   Section        8  rt_heap_descriptor_intlibspace.o(.text)
    .text                                    0x08000300   Section        0  hguard.o(.text)
    .text                                    0x08000304   Section        0  init_alloc.o(.text)
    .text                                    0x0800038e   Section        0  h1_init.o(.text)
    .text                                    0x0800039c   Section        8  libspace.o(.text)
    .text                                    0x080003a4   Section        0  h1_extend.o(.text)
    .text                                    0x080003d8   Section        0  defsig_rtmem_outer.o(.text)
    .text                                    0x080003e6   Section        2  use_no_semi.o(.text)
    .text                                    0x080003e8   Section        0  indicate_semi.o(.text)
    .text                                    0x080003e8   Section       74  sys_stackheap_outer.o(.text)
    .text                                    0x08000432   Section        0  exit.o(.text)
    .text                                    0x0800043e   Section        0  defsig_exit.o(.text)
    .text                                    0x08000448   Section        0  defsig_rtmem_inner.o(.text)
    .text                                    0x08000498   Section        0  sys_exit.o(.text)
    .text                                    0x080004a4   Section        0  defsig_general.o(.text)
    .text                                    0x080004d6   Section        0  sys_wrch.o(.text)
    i.ADC_Cmd                                0x080004e4   Section        0  stm32f10x_adc.o(i.ADC_Cmd)
    i.ADC_DMACmd                             0x080004fa   Section        0  stm32f10x_adc.o(i.ADC_DMACmd)
    i.ADC_GetCalibrationStatus               0x08000510   Section        0  stm32f10x_adc.o(i.ADC_GetCalibrationStatus)
    i.ADC_GetResetCalibrationStatus          0x08000524   Section        0  stm32f10x_adc.o(i.ADC_GetResetCalibrationStatus)
    i.ADC_Init                               0x08000538   Section        0  stm32f10x_adc.o(i.ADC_Init)
    i.ADC_RegularChannelConfig               0x08000588   Section        0  stm32f10x_adc.o(i.ADC_RegularChannelConfig)
    i.ADC_ResetCalibration                   0x08000640   Section        0  stm32f10x_adc.o(i.ADC_ResetCalibration)
    i.ADC_SoftwareStartConvCmd               0x0800064a   Section        0  stm32f10x_adc.o(i.ADC_SoftwareStartConvCmd)
    i.ADC_StartCalibration                   0x08000660   Section        0  stm32f10x_adc.o(i.ADC_StartCalibration)
    i.DMA1_Channel3_IRQHandler               0x0800066c   Section        0  vga.o(i.DMA1_Channel3_IRQHandler)
    i.DMA_Cmd                                0x080006dc   Section        0  stm32f10x_dma.o(i.DMA_Cmd)
    i.DMA_DeInit                             0x080006f4   Section        0  stm32f10x_dma.o(i.DMA_DeInit)
    i.DMA_ITConfig                           0x08000840   Section        0  stm32f10x_dma.o(i.DMA_ITConfig)
    i.DMA_Init                               0x08000852   Section        0  stm32f10x_dma.o(i.DMA_Init)
    i.GPIO_Init                              0x0800088e   Section        0  stm32f10x_gpio.o(i.GPIO_Init)
    i.GPIO_ReadInputDataBit                  0x080009a4   Section        0  stm32f10x_gpio.o(i.GPIO_ReadInputDataBit)
    i.GPIO_ResetBits                         0x080009b6   Section        0  stm32f10x_gpio.o(i.GPIO_ResetBits)
    i.GPIO_SetBits                           0x080009ba   Section        0  stm32f10x_gpio.o(i.GPIO_SetBits)
    i.NVIC_Init                              0x080009c0   Section        0  misc.o(i.NVIC_Init)
    i.RCC_ADCCLKConfig                       0x08000a30   Section        0  stm32f10x_rcc.o(i.RCC_ADCCLKConfig)
    i.RCC_AHBPeriphClockCmd                  0x08000a48   Section        0  stm32f10x_rcc.o(i.RCC_AHBPeriphClockCmd)
    i.RCC_APB1PeriphClockCmd                 0x08000a68   Section        0  stm32f10x_rcc.o(i.RCC_APB1PeriphClockCmd)
    i.RCC_APB2PeriphClockCmd                 0x08000a88   Section        0  stm32f10x_rcc.o(i.RCC_APB2PeriphClockCmd)
    i.SPI_CalculateCRC                       0x08000aa8   Section        0  stm32f10x_spi.o(i.SPI_CalculateCRC)
    i.SPI_Cmd                                0x08000ac0   Section        0  stm32f10x_spi.o(i.SPI_Cmd)
    i.SPI_Init                               0x08000ad8   Section        0  stm32f10x_spi.o(i.SPI_Init)
    i.SetSysClock                            0x08000b14   Section        0  system_stm32f10x.o(i.SetSysClock)
    SetSysClock                              0x08000b15   Thumb Code     8  system_stm32f10x.o(i.SetSysClock)
    i.SetSysClockTo72                        0x08000b1c   Section        0  system_stm32f10x.o(i.SetSysClockTo72)
    SetSysClockTo72                          0x08000b1d   Thumb Code   214  system_stm32f10x.o(i.SetSysClockTo72)
    i.SystemInit                             0x08000bfc   Section        0  system_stm32f10x.o(i.SystemInit)
    i.TIM1_CC_IRQHandler                     0x08000c5c   Section        0  vga.o(i.TIM1_CC_IRQHandler)
    i.TIM2_IRQHandler                        0x08000c80   Section        0  vga.o(i.TIM2_IRQHandler)
    i.TIM_Cmd                                0x08000c98   Section        0  stm32f10x_tim.o(i.TIM_Cmd)
    i.TIM_CtrlPWMOutputs                     0x08000cb0   Section        0  stm32f10x_tim.o(i.TIM_CtrlPWMOutputs)
    i.TIM_ITConfig                           0x08000cce   Section        0  stm32f10x_tim.o(i.TIM_ITConfig)
    i.TIM_OC1Init                            0x08000ce0   Section        0  stm32f10x_tim.o(i.TIM_OC1Init)
    i.TIM_OC2Init                            0x08000d78   Section        0  stm32f10x_tim.o(i.TIM_OC2Init)
    i.TIM_OC3Init                            0x08000e1c   Section        0  stm32f10x_tim.o(i.TIM_OC3Init)
    i.TIM_SelectInputTrigger                 0x08000ebc   Section        0  stm32f10x_tim.o(i.TIM_SelectInputTrigger)
    i.TIM_SelectMasterSlaveMode              0x08000ece   Section        0  stm32f10x_tim.o(i.TIM_SelectMasterSlaveMode)
    i.TIM_SelectOutputTrigger                0x08000ee0   Section        0  stm32f10x_tim.o(i.TIM_SelectOutputTrigger)
    i.TIM_SelectSlaveMode                    0x08000ef2   Section        0  stm32f10x_tim.o(i.TIM_SelectSlaveMode)
    i.TIM_TimeBaseInit                       0x08000f04   Section        0  stm32f10x_tim.o(i.TIM_TimeBaseInit)
    i.adc1_c2_config                         0x08000fa8   Section        0  adcrand.o(i.adc1_c2_config)
    i.adc_ran_num                            0x0800104c   Section        0  adcrand.o(i.adc_ran_num)
    i.adcrand_init                           0x08001070   Section        0  adcrand.o(i.adcrand_init)
    i.add_head                               0x0800107c   Section        0  snake.o(i.add_head)
    i.clear_tail                             0x080010a4   Section        0  snake.o(i.clear_tail)
    i.clrPS2Buff                             0x080010cc   Section        0  controller.o(i.clrPS2Buff)
    i.controller_config                      0x080010e4   Section        0  controller.o(i.controller_config)
    i.delay_init                             0x08001144   Section        0  delay.o(i.delay_init)
    i.delay_ms                               0x08001184   Section        0  delay.o(i.delay_ms)
    i.delay_us                               0x080011c0   Section        0  delay.o(i.delay_us)
    i.dma1_c1_config                         0x080011fc   Section        0  adcrand.o(i.dma1_c1_config)
    i.draw_block                             0x0800125c   Section        0  snake.o(i.draw_block)
    i.draw_snake                             0x080012ac   Section        0  snake.o(i.draw_snake)
    i.enterSettings                          0x080012d0   Section        0  controller.o(i.enterSettings)
    i.food_generate                          0x0800132c   Section        0  snake.o(i.food_generate)
    i.free_snake                             0x080013ac   Section        0  snake.o(i.free_snake)
    i.getButtonData                          0x080013c8   Section        0  controller.o(i.getButtonData)
    i.is_dir_right                           0x08001414   Section        0  snake.o(i.is_dir_right)
    i.main                                   0x08001454   Section        0  main.o(i.main)
    i.move_on                                0x08001474   Section        0  snake.o(i.move_on)
    i.on_snaking                             0x08001570   Section        0  snake.o(i.on_snaking)
    i.rcc_config                             0x08001582   Section        0  main.o(i.rcc_config)
    i.saveChangesAndExit                     0x080015a0   Section        0  controller.o(i.saveChangesAndExit)
    i.sendCmd2MCU                            0x080015fc   Section        0  controller.o(i.sendCmd2MCU)
    i.sendCmd2PS2                            0x080016b4   Section        0  controller.o(i.sendCmd2PS2)
    i.shortPoll                              0x08001744   Section        0  controller.o(i.shortPoll)
    i.show_score                             0x08001788   Section        0  snake.o(i.show_score)
    i.snake_init                             0x080017e4   Section        0  snake.o(i.snake_init)
    i.snake_start                            0x08001864   Section        0  snake.o(i.snake_start)
    i.spi_config                             0x0800199c   Section        0  vga.o(i.spi_config)
    i.strLen                                 0x08001aa4   Section        0  str_dealing.o(i.strLen)
    i.timer_config                           0x08001ab8   Section        0  vga.o(i.timer_config)
    i.turnOnModeChange                       0x08001c58   Section        0  controller.o(i.turnOnModeChange)
    i.turnOnVibrationMode                    0x08001cac   Section        0  controller.o(i.turnOnVibrationMode)
    i.vga_bitblt                             0x08001cf0   Section        0  vga.o(i.vga_bitblt)
    i.vga_clear_screen                       0x08001ed4   Section        0  vga.o(i.vga_clear_screen)
    i.vga_draw_line                          0x08001f08   Section        0  vga.o(i.vga_draw_line)
    i.vga_draw_nwords                        0x08002018   Section        0  vga.o(i.vga_draw_nwords)
    i.vga_draw_point                         0x08002080   Section        0  vga.o(i.vga_draw_point)
    i.vga_draw_rec                           0x08002138   Section        0  vga.o(i.vga_draw_rec)
    i.vga_draw_text                          0x0800218c   Section        0  vga.o(i.vga_draw_text)
    i.vga_init                               0x08002200   Section        0  vga.o(i.vga_init)
    .constdata                               0x08002210   Section      924  bitmap.o(.constdata)
    .data                                    0x20000000   Section       21  snake.o(.data)
    .data                                    0x20000018   Section       12  vga.o(.data)
    vline                                    0x20000018   Data           2  vga.o(.data)
    vflag                                    0x2000001c   Data           4  vga.o(.data)
    vdraw                                    0x20000020   Data           4  vga.o(.data)
    .data                                    0x20000024   Section       26  controller.o(.data)
    .data                                    0x2000003e   Section        4  delay.o(.data)
    fac_us                                   0x2000003e   Data           1  delay.o(.data)
    fac_ms                                   0x20000040   Data           2  delay.o(.data)
    .data                                    0x20000042   Section        2  adcrand.o(.data)
    .bss                                     0x20000044   Section    10400  vga.o(.bss)
    .bss                                     0x200028e4   Section        9  controller.o(.bss)
    .bss                                     0x200028f0   Section      228  rand.o(.bss)
    .bss                                     0x200029d4   Section       96  libspace.o(.bss)
    HEAP                                     0x20002a38   Section      512  startup_stm32f10x_md.o(HEAP)
    Heap_Mem                                 0x20002a38   Data         512  startup_stm32f10x_md.o(HEAP)
    STACK                                    0x20002c38   Section     1024  startup_stm32f10x_md.o(STACK)
    Stack_Mem                                0x20002c38   Data        1024  startup_stm32f10x_md.o(STACK)
    __initial_sp                             0x20003038   Data           0  startup_stm32f10x_md.o(STACK)

    Global Symbols

    Symbol Name                              Value     Ov Type        Size  Object(Section)

    BuildAttributes$$THM_ISAv4$P$D$K$B$S$PE$A:L22UL41UL21$X:L11$S22US41US21$IEEE1$IW$USESV6$~STKCKD$USESV7$~SHL$OTIME$ROPI$EBA8$UX$STANDARDLIB$REQ8$PRES8$EABIv2 0x00000000   Number         0  anon$$obj.o ABSOLUTE
    __ARM_use_no_argv                        0x00000000   Number         0  main.o ABSOLUTE
    __ARM_exceptions_init                     - Undefined Weak Reference
    __alloca_initialize                       - Undefined Weak Reference
    __arm_preinit_                            - Undefined Weak Reference
    __cpp_initialize__aeabi_                  - Undefined Weak Reference
    __cxa_finalize                            - Undefined Weak Reference
    __rt_locale                               - Undefined Weak Reference
    __sigvec_lookup                           - Undefined Weak Reference
    __user_heap_extent                        - Undefined Weak Reference
    _atexit_init                              - Undefined Weak Reference
    _call_atexit_fns                          - Undefined Weak Reference
    _clock_init                               - Undefined Weak Reference
    _fp_trap_init                             - Undefined Weak Reference
    _fp_trap_shutdown                         - Undefined Weak Reference
    _get_lc_collate                           - Undefined Weak Reference
    _get_lc_ctype                             - Undefined Weak Reference
    _get_lc_monetary                          - Undefined Weak Reference
    _get_lc_numeric                           - Undefined Weak Reference
    _get_lc_time                              - Undefined Weak Reference
    _getenv_init                              - Undefined Weak Reference
    _handle_redirection                       - Undefined Weak Reference
    _initio                                   - Undefined Weak Reference
    _mutex_acquire                            - Undefined Weak Reference
    _mutex_free                               - Undefined Weak Reference
    _mutex_release                            - Undefined Weak Reference
    _signal_finish                            - Undefined Weak Reference
    _signal_init                              - Undefined Weak Reference
    _terminateio                              - Undefined Weak Reference
    __Vectors_Size                           0x000000ec   Number         0  startup_stm32f10x_md.o ABSOLUTE
    __Vectors                                0x08000000   Data           4  startup_stm32f10x_md.o(RESET)
    __Vectors_End                            0x080000ec   Data           0  startup_stm32f10x_md.o(RESET)
    __main                                   0x080000ed   Thumb Code     8  __main.o(!!!main)
    __scatterload                            0x080000f5   Thumb Code     0  __scatter.o(!!!scatter)
    __scatterload_rt2                        0x080000f5   Thumb Code    44  __scatter.o(!!!scatter)
    __scatterload_rt2_thumb_only             0x080000f5   Thumb Code     0  __scatter.o(!!!scatter)
    __scatterload_null                       0x08000103   Thumb Code     0  __scatter.o(!!!scatter)
    __scatterload_copy                       0x08000129   Thumb Code    26  __scatter_copy.o(!!handler_copy)
    __scatterload_zeroinit                   0x08000145   Thumb Code    28  __scatter_zi.o(!!handler_zi)
    __rt_lib_init                            0x08000161   Thumb Code     0  libinit.o(.ARM.Collect$$libinit$$00000000)
    __rt_lib_init_fp_1                       0x08000163   Thumb Code     0  libinit2.o(.ARM.Collect$$libinit$$00000002)
    __rt_lib_init_heap_2                     0x08000163   Thumb Code     0  libinit2.o(.ARM.Collect$$libinit$$00000005)
    __rt_lib_init_preinit_1                  0x08000163   Thumb Code     0  libinit2.o(.ARM.Collect$$libinit$$00000004)
    __rt_lib_init_heap_1                     0x0800016b   Thumb Code     0  libinit2.o(.ARM.Collect$$libinit$$0000000A)
    __rt_lib_init_rand_2                     0x0800016b   Thumb Code     0  libinit2.o(.ARM.Collect$$libinit$$0000000D)
    __rt_lib_init_user_alloc_1               0x0800016b   Thumb Code     0  libinit2.o(.ARM.Collect$$libinit$$0000000C)
    __rt_lib_init_alloca_1                   0x0800016f   Thumb Code     0  libinit2.o(.ARM.Collect$$libinit$$0000002E)
    __rt_lib_init_argv_1                     0x0800016f   Thumb Code     0  libinit2.o(.ARM.Collect$$libinit$$0000002C)
    __rt_lib_init_atexit_1                   0x0800016f   Thumb Code     0  libinit2.o(.ARM.Collect$$libinit$$0000001B)
    __rt_lib_init_clock_1                    0x0800016f   Thumb Code     0  libinit2.o(.ARM.Collect$$libinit$$00000021)
    __rt_lib_init_cpp_1                      0x0800016f   Thumb Code     0  libinit2.o(.ARM.Collect$$libinit$$00000032)
    __rt_lib_init_exceptions_1               0x0800016f   Thumb Code     0  libinit2.o(.ARM.Collect$$libinit$$00000030)
    __rt_lib_init_fp_trap_1                  0x0800016f   Thumb Code     0  libinit2.o(.ARM.Collect$$libinit$$0000001F)
    __rt_lib_init_getenv_1                   0x0800016f   Thumb Code     0  libinit2.o(.ARM.Collect$$libinit$$00000023)
    __rt_lib_init_lc_collate_1               0x0800016f   Thumb Code     0  libinit2.o(.ARM.Collect$$libinit$$00000011)
    __rt_lib_init_lc_ctype_1                 0x0800016f   Thumb Code     0  libinit2.o(.ARM.Collect$$libinit$$00000013)
    __rt_lib_init_lc_monetary_1              0x0800016f   Thumb Code     0  libinit2.o(.ARM.Collect$$libinit$$00000015)
    __rt_lib_init_lc_numeric_1               0x0800016f   Thumb Code     0  libinit2.o(.ARM.Collect$$libinit$$00000017)
    __rt_lib_init_lc_time_1                  0x0800016f   Thumb Code     0  libinit2.o(.ARM.Collect$$libinit$$00000019)
    __rt_lib_init_rand_1                     0x0800016f   Thumb Code     0  libinit2.o(.ARM.Collect$$libinit$$0000000E)
    __rt_lib_init_return                     0x0800016f   Thumb Code     0  libinit2.o(.ARM.Collect$$libinit$$00000033)
    __rt_lib_init_signal_1                   0x0800016f   Thumb Code     0  libinit2.o(.ARM.Collect$$libinit$$0000001D)
    __rt_lib_init_stdio_1                    0x0800016f   Thumb Code     0  libinit2.o(.ARM.Collect$$libinit$$00000025)
    __rt_lib_shutdown                        0x08000171   Thumb Code     0  libshutdown.o(.ARM.Collect$$libshutdown$$00000000)
    __rt_lib_shutdown_fp_trap_1              0x08000173   Thumb Code     0  libshutdown2.o(.ARM.Collect$$libshutdown$$00000006)
    __rt_lib_shutdown_heap_1                 0x08000173   Thumb Code     0  libshutdown2.o(.ARM.Collect$$libshutdown$$0000000E)
    __rt_lib_shutdown_return                 0x08000173   Thumb Code     0  libshutdown2.o(.ARM.Collect$$libshutdown$$0000000F)
    __rt_lib_shutdown_signal_1               0x08000173   Thumb Code     0  libshutdown2.o(.ARM.Collect$$libshutdown$$00000009)
    __rt_lib_shutdown_stdio_1                0x08000173   Thumb Code     0  libshutdown2.o(.ARM.Collect$$libshutdown$$00000003)
    __rt_lib_shutdown_user_alloc_1           0x08000173   Thumb Code     0  libshutdown2.o(.ARM.Collect$$libshutdown$$0000000B)
    __rt_entry                               0x08000175   Thumb Code     0  __rtentry.o(.ARM.Collect$$rtentry$$00000000)
    __rt_entry_presh_1                       0x08000175   Thumb Code     0  __rtentry2.o(.ARM.Collect$$rtentry$$00000002)
    __rt_entry_sh                            0x08000175   Thumb Code     0  __rtentry4.o(.ARM.Collect$$rtentry$$00000004)
    __rt_entry_li                            0x0800017b   Thumb Code     0  __rtentry2.o(.ARM.Collect$$rtentry$$0000000A)
    __rt_entry_postsh_1                      0x0800017b   Thumb Code     0  __rtentry2.o(.ARM.Collect$$rtentry$$00000009)
    __rt_entry_main                          0x0800017f   Thumb Code     0  __rtentry2.o(.ARM.Collect$$rtentry$$0000000D)
    __rt_entry_postli_1                      0x0800017f   Thumb Code     0  __rtentry2.o(.ARM.Collect$$rtentry$$0000000C)
    __rt_exit                                0x08000187   Thumb Code     0  rtexit.o(.ARM.Collect$$rtexit$$00000000)
    __rt_exit_ls                             0x08000189   Thumb Code     0  rtexit2.o(.ARM.Collect$$rtexit$$00000003)
    __rt_exit_prels_1                        0x08000189   Thumb Code     0  rtexit2.o(.ARM.Collect$$rtexit$$00000002)
    __rt_exit_exit                           0x0800018d   Thumb Code     0  rtexit2.o(.ARM.Collect$$rtexit$$00000004)
    rand                                     0x08000195   Thumb Code    48  rand.o(.emb_text)
    Reset_Handler                            0x080001c9   Thumb Code     8  startup_stm32f10x_md.o(.text)
    _maybe_terminate_alloc                   0x080001c9   Thumb Code     0  maybetermalloc1.o(.emb_text)
    NMI_Handler                              0x080001d1   Thumb Code     2  startup_stm32f10x_md.o(.text)
    HardFault_Handler                        0x080001d3   Thumb Code     2  startup_stm32f10x_md.o(.text)
    MemManage_Handler                        0x080001d5   Thumb Code     2  startup_stm32f10x_md.o(.text)
    BusFault_Handler                         0x080001d7   Thumb Code     2  startup_stm32f10x_md.o(.text)
    UsageFault_Handler                       0x080001d9   Thumb Code     2  startup_stm32f10x_md.o(.text)
    SVC_Handler                              0x080001db   Thumb Code     2  startup_stm32f10x_md.o(.text)
    DebugMon_Handler                         0x080001dd   Thumb Code     2  startup_stm32f10x_md.o(.text)
    PendSV_Handler                           0x080001df   Thumb Code     2  startup_stm32f10x_md.o(.text)
    SysTick_Handler                          0x080001e1   Thumb Code     2  startup_stm32f10x_md.o(.text)
    ADC1_2_IRQHandler                        0x080001e3   Thumb Code     0  startup_stm32f10x_md.o(.text)
    CAN1_RX1_IRQHandler                      0x080001e3   Thumb Code     0  startup_stm32f10x_md.o(.text)
    CAN1_SCE_IRQHandler                      0x080001e3   Thumb Code     0  startup_stm32f10x_md.o(.text)
    DMA1_Channel1_IRQHandler                 0x080001e3   Thumb Code     0  startup_stm32f10x_md.o(.text)
    DMA1_Channel2_IRQHandler                 0x080001e3   Thumb Code     0  startup_stm32f10x_md.o(.text)
    DMA1_Channel4_IRQHandler                 0x080001e3   Thumb Code     0  startup_stm32f10x_md.o(.text)
    DMA1_Channel5_IRQHandler                 0x080001e3   Thumb Code     0  startup_stm32f10x_md.o(.text)
    DMA1_Channel6_IRQHandler                 0x080001e3   Thumb Code     0  startup_stm32f10x_md.o(.text)
    DMA1_Channel7_IRQHandler                 0x080001e3   Thumb Code     0  startup_stm32f10x_md.o(.text)
    EXTI0_IRQHandler                         0x080001e3   Thumb Code     0  startup_stm32f10x_md.o(.text)
    EXTI15_10_IRQHandler                     0x080001e3   Thumb Code     0  startup_stm32f10x_md.o(.text)
    EXTI1_IRQHandler                         0x080001e3   Thumb Code     0  startup_stm32f10x_md.o(.text)
    EXTI2_IRQHandler                         0x080001e3   Thumb Code     0  startup_stm32f10x_md.o(.text)
    EXTI3_IRQHandler                         0x080001e3   Thumb Code     0  startup_stm32f10x_md.o(.text)
    EXTI4_IRQHandler                         0x080001e3   Thumb Code     0  startup_stm32f10x_md.o(.text)
    EXTI9_5_IRQHandler                       0x080001e3   Thumb Code     0  startup_stm32f10x_md.o(.text)
    FLASH_IRQHandler                         0x080001e3   Thumb Code     0  startup_stm32f10x_md.o(.text)
    I2C1_ER_IRQHandler                       0x080001e3   Thumb Code     0  startup_stm32f10x_md.o(.text)
    I2C1_EV_IRQHandler                       0x080001e3   Thumb Code     0  startup_stm32f10x_md.o(.text)
    I2C2_ER_IRQHandler                       0x080001e3   Thumb Code     0  startup_stm32f10x_md.o(.text)
    I2C2_EV_IRQHandler                       0x080001e3   Thumb Code     0  startup_stm32f10x_md.o(.text)
    PVD_IRQHandler                           0x080001e3   Thumb Code     0  startup_stm32f10x_md.o(.text)
    RCC_IRQHandler                           0x080001e3   Thumb Code     0  startup_stm32f10x_md.o(.text)
    RTCAlarm_IRQHandler                      0x080001e3   Thumb Code     0  startup_stm32f10x_md.o(.text)
    RTC_IRQHandler                           0x080001e3   Thumb Code     0  startup_stm32f10x_md.o(.text)
    SPI1_IRQHandler                          0x080001e3   Thumb Code     0  startup_stm32f10x_md.o(.text)
    SPI2_IRQHandler                          0x080001e3   Thumb Code     0  startup_stm32f10x_md.o(.text)
    TAMPER_IRQHandler                        0x080001e3   Thumb Code     0  startup_stm32f10x_md.o(.text)
    TIM1_BRK_IRQHandler                      0x080001e3   Thumb Code     0  startup_stm32f10x_md.o(.text)
    TIM1_TRG_COM_IRQHandler                  0x080001e3   Thumb Code     0  startup_stm32f10x_md.o(.text)
    TIM1_UP_IRQHandler                       0x080001e3   Thumb Code     0  startup_stm32f10x_md.o(.text)
    TIM3_IRQHandler                          0x080001e3   Thumb Code     0  startup_stm32f10x_md.o(.text)
    TIM4_IRQHandler                          0x080001e3   Thumb Code     0  startup_stm32f10x_md.o(.text)
    USART1_IRQHandler                        0x080001e3   Thumb Code     0  startup_stm32f10x_md.o(.text)
    USART2_IRQHandler                        0x080001e3   Thumb Code     0  startup_stm32f10x_md.o(.text)
    USART3_IRQHandler                        0x080001e3   Thumb Code     0  startup_stm32f10x_md.o(.text)
    USBWakeUp_IRQHandler                     0x080001e3   Thumb Code     0  startup_stm32f10x_md.o(.text)
    USB_HP_CAN1_TX_IRQHandler                0x080001e3   Thumb Code     0  startup_stm32f10x_md.o(.text)
    USB_LP_CAN1_RX0_IRQHandler               0x080001e3   Thumb Code     0  startup_stm32f10x_md.o(.text)
    WWDG_IRQHandler                          0x080001e3   Thumb Code     0  startup_stm32f10x_md.o(.text)
    __user_initial_stackheap                 0x080001e5   Thumb Code     0  startup_stm32f10x_md.o(.text)
    malloc                                   0x08000209   Thumb Code    94  h1_alloc.o(.text)
    free                                     0x08000267   Thumb Code    78  h1_free.o(.text)
    srand                                    0x080002b5   Thumb Code    42  rand.o(.text)
    _rand_init                               0x080002df   Thumb Code     4  rand.o(.text)
    __use_two_region_memory                  0x080002f1   Thumb Code     2  heapauxi.o(.text)
    __rt_heap_escrow                         0x080002f3   Thumb Code     2  heapauxi.o(.text)
    __rt_heap_expand                         0x080002f5   Thumb Code     2  heapauxi.o(.text)
    __rt_heap_descriptor                     0x080002f9   Thumb Code     8  rt_heap_descriptor_intlibspace.o(.text)
    __use_no_heap                            0x08000301   Thumb Code     2  hguard.o(.text)
    __heap$guard                             0x08000303   Thumb Code     2  hguard.o(.text)
    _terminate_user_alloc                    0x08000305   Thumb Code     2  init_alloc.o(.text)
    _init_user_alloc                         0x08000307   Thumb Code     2  init_alloc.o(.text)
    __Heap_Full                              0x08000309   Thumb Code    34  init_alloc.o(.text)
    __Heap_Broken                            0x0800032b   Thumb Code     6  init_alloc.o(.text)
    _init_alloc                              0x08000331   Thumb Code    94  init_alloc.o(.text)
    __Heap_Initialize                        0x0800038f   Thumb Code    10  h1_init.o(.text)
    __Heap_DescSize                          0x08000399   Thumb Code     4  h1_init.o(.text)
    __user_libspace                          0x0800039d   Thumb Code     8  libspace.o(.text)
    __user_perproc_libspace                  0x0800039d   Thumb Code     0  libspace.o(.text)
    __user_perthread_libspace                0x0800039d   Thumb Code     0  libspace.o(.text)
    __Heap_ProvideMemory                     0x080003a5   Thumb Code    52  h1_extend.o(.text)
    __rt_SIGRTMEM                            0x080003d9   Thumb Code    14  defsig_rtmem_outer.o(.text)
    __I$use$semihosting                      0x080003e7   Thumb Code     0  use_no_semi.o(.text)
    __use_no_semihosting_swi                 0x080003e7   Thumb Code     2  use_no_semi.o(.text)
    __semihosting_library_function           0x080003e9   Thumb Code     0  indicate_semi.o(.text)
    __user_setup_stackheap                   0x080003e9   Thumb Code    74  sys_stackheap_outer.o(.text)
    exit                                     0x08000433   Thumb Code    12  exit.o(.text)
    __sig_exit                               0x0800043f   Thumb Code    10  defsig_exit.o(.text)
    __rt_SIGRTMEM_inner                      0x08000449   Thumb Code    22  defsig_rtmem_inner.o(.text)
    _sys_exit                                0x08000499   Thumb Code     8  sys_exit.o(.text)
    __default_signal_display                 0x080004a5   Thumb Code    50  defsig_general.o(.text)
    _ttywrch                                 0x080004d7   Thumb Code    14  sys_wrch.o(.text)
    ADC_Cmd                                  0x080004e5   Thumb Code    22  stm32f10x_adc.o(i.ADC_Cmd)
    ADC_DMACmd                               0x080004fb   Thumb Code    22  stm32f10x_adc.o(i.ADC_DMACmd)
    ADC_GetCalibrationStatus                 0x08000511   Thumb Code    20  stm32f10x_adc.o(i.ADC_GetCalibrationStatus)
    ADC_GetResetCalibrationStatus            0x08000525   Thumb Code    20  stm32f10x_adc.o(i.ADC_GetResetCalibrationStatus)
    ADC_Init                                 0x08000539   Thumb Code    70  stm32f10x_adc.o(i.ADC_Init)
    ADC_RegularChannelConfig                 0x08000589   Thumb Code   184  stm32f10x_adc.o(i.ADC_RegularChannelConfig)
    ADC_ResetCalibration                     0x08000641   Thumb Code    10  stm32f10x_adc.o(i.ADC_ResetCalibration)
    ADC_SoftwareStartConvCmd                 0x0800064b   Thumb Code    22  stm32f10x_adc.o(i.ADC_SoftwareStartConvCmd)
    ADC_StartCalibration                     0x08000661   Thumb Code    10  stm32f10x_adc.o(i.ADC_StartCalibration)
    DMA1_Channel3_IRQHandler                 0x0800066d   Thumb Code    90  vga.o(i.DMA1_Channel3_IRQHandler)
    DMA_Cmd                                  0x080006dd   Thumb Code    24  stm32f10x_dma.o(i.DMA_Cmd)
    DMA_DeInit                               0x080006f5   Thumb Code   324  stm32f10x_dma.o(i.DMA_DeInit)
    DMA_ITConfig                             0x08000841   Thumb Code    18  stm32f10x_dma.o(i.DMA_ITConfig)
    DMA_Init                                 0x08000853   Thumb Code    60  stm32f10x_dma.o(i.DMA_Init)
    GPIO_Init                                0x0800088f   Thumb Code   278  stm32f10x_gpio.o(i.GPIO_Init)
    GPIO_ReadInputDataBit                    0x080009a5   Thumb Code    18  stm32f10x_gpio.o(i.GPIO_ReadInputDataBit)
    GPIO_ResetBits                           0x080009b7   Thumb Code     4  stm32f10x_gpio.o(i.GPIO_ResetBits)
    GPIO_SetBits                             0x080009bb   Thumb Code     4  stm32f10x_gpio.o(i.GPIO_SetBits)
    NVIC_Init                                0x080009c1   Thumb Code   100  misc.o(i.NVIC_Init)
    RCC_ADCCLKConfig                         0x08000a31   Thumb Code    18  stm32f10x_rcc.o(i.RCC_ADCCLKConfig)
    RCC_AHBPeriphClockCmd                    0x08000a49   Thumb Code    26  stm32f10x_rcc.o(i.RCC_AHBPeriphClockCmd)
    RCC_APB1PeriphClockCmd                   0x08000a69   Thumb Code    26  stm32f10x_rcc.o(i.RCC_APB1PeriphClockCmd)
    RCC_APB2PeriphClockCmd                   0x08000a89   Thumb Code    26  stm32f10x_rcc.o(i.RCC_APB2PeriphClockCmd)
    SPI_CalculateCRC                         0x08000aa9   Thumb Code    24  stm32f10x_spi.o(i.SPI_CalculateCRC)
    SPI_Cmd                                  0x08000ac1   Thumb Code    24  stm32f10x_spi.o(i.SPI_Cmd)
    SPI_Init                                 0x08000ad9   Thumb Code    60  stm32f10x_spi.o(i.SPI_Init)
    SystemInit                               0x08000bfd   Thumb Code    78  system_stm32f10x.o(i.SystemInit)
    TIM1_CC_IRQHandler                       0x08000c5d   Thumb Code    22  vga.o(i.TIM1_CC_IRQHandler)
    TIM2_IRQHandler                          0x08000c81   Thumb Code    18  vga.o(i.TIM2_IRQHandler)
    TIM_Cmd                                  0x08000c99   Thumb Code    24  stm32f10x_tim.o(i.TIM_Cmd)
    TIM_CtrlPWMOutputs                       0x08000cb1   Thumb Code    30  stm32f10x_tim.o(i.TIM_CtrlPWMOutputs)
    TIM_ITConfig                             0x08000ccf   Thumb Code    18  stm32f10x_tim.o(i.TIM_ITConfig)
    TIM_OC1Init                              0x08000ce1   Thumb Code   132  stm32f10x_tim.o(i.TIM_OC1Init)
    TIM_OC2Init                              0x08000d79   Thumb Code   154  stm32f10x_tim.o(i.TIM_OC2Init)
    TIM_OC3Init                              0x08000e1d   Thumb Code   150  stm32f10x_tim.o(i.TIM_OC3Init)
    TIM_SelectInputTrigger                   0x08000ebd   Thumb Code    18  stm32f10x_tim.o(i.TIM_SelectInputTrigger)
    TIM_SelectMasterSlaveMode                0x08000ecf   Thumb Code    18  stm32f10x_tim.o(i.TIM_SelectMasterSlaveMode)
    TIM_SelectOutputTrigger                  0x08000ee1   Thumb Code    18  stm32f10x_tim.o(i.TIM_SelectOutputTrigger)
    TIM_SelectSlaveMode                      0x08000ef3   Thumb Code    18  stm32f10x_tim.o(i.TIM_SelectSlaveMode)
    TIM_TimeBaseInit                         0x08000f05   Thumb Code   122  stm32f10x_tim.o(i.TIM_TimeBaseInit)
    adc1_c2_config                           0x08000fa9   Thumb Code   156  adcrand.o(i.adc1_c2_config)
    adc_ran_num                              0x0800104d   Thumb Code    32  adcrand.o(i.adc_ran_num)
    adcrand_init                             0x08001071   Thumb Code    12  adcrand.o(i.adcrand_init)
    add_head                                 0x0800107d   Thumb Code    34  snake.o(i.add_head)
    clear_tail                               0x080010a5   Thumb Code    36  snake.o(i.clear_tail)
    clrPS2Buff                               0x080010cd   Thumb Code    20  controller.o(i.clrPS2Buff)
    controller_config                        0x080010e5   Thumb Code    90  controller.o(i.controller_config)
    delay_init                               0x08001145   Thumb Code    56  delay.o(i.delay_init)
    delay_ms                                 0x08001185   Thumb Code    56  delay.o(i.delay_ms)
    delay_us                                 0x080011c1   Thumb Code    56  delay.o(i.delay_us)
    dma1_c1_config                           0x080011fd   Thumb Code    82  adcrand.o(i.dma1_c1_config)
    draw_block                               0x0800125d   Thumb Code    80  snake.o(i.draw_block)
    draw_snake                               0x080012ad   Thumb Code    30  snake.o(i.draw_snake)
    enterSettings                            0x080012d1   Thumb Code    86  controller.o(i.enterSettings)
    food_generate                            0x0800132d   Thumb Code   114  snake.o(i.food_generate)
    free_snake                               0x080013ad   Thumb Code    24  snake.o(i.free_snake)
    getButtonData                            0x080013c9   Thumb Code    62  controller.o(i.getButtonData)
    is_dir_right                             0x08001415   Thumb Code    60  snake.o(i.is_dir_right)
    main                                     0x08001455   Thumb Code    32  main.o(i.main)
    move_on                                  0x08001475   Thumb Code   232  snake.o(i.move_on)
    on_snaking                               0x08001571   Thumb Code    18  snake.o(i.on_snaking)
    rcc_config                               0x08001583   Thumb Code    30  main.o(i.rcc_config)
    saveChangesAndExit                       0x080015a1   Thumb Code    86  controller.o(i.saveChangesAndExit)
    sendCmd2MCU                              0x080015fd   Thumb Code   170  controller.o(i.sendCmd2MCU)
    sendCmd2PS2                              0x080016b5   Thumb Code   136  controller.o(i.sendCmd2PS2)
    shortPoll                                0x08001745   Thumb Code    62  controller.o(i.shortPoll)
    show_score                               0x08001789   Thumb Code    64  snake.o(i.show_score)
    snake_init                               0x080017e5   Thumb Code   110  snake.o(i.snake_init)
    snake_start                              0x08001865   Thumb Code   252  snake.o(i.snake_start)
    spi_config                               0x0800199d   Thumb Code   248  vga.o(i.spi_config)
    strLen                                   0x08001aa5   Thumb Code    20  str_dealing.o(i.strLen)
    timer_config                             0x08001ab9   Thumb Code   406  vga.o(i.timer_config)
    turnOnModeChange                         0x08001c59   Thumb Code    80  controller.o(i.turnOnModeChange)
    turnOnVibrationMode                      0x08001cad   Thumb Code    62  controller.o(i.turnOnVibrationMode)
    vga_bitblt                               0x08001cf1   Thumb Code   480  vga.o(i.vga_bitblt)
    vga_clear_screen                         0x08001ed5   Thumb Code    46  vga.o(i.vga_clear_screen)
    vga_draw_line                            0x08001f09   Thumb Code   270  vga.o(i.vga_draw_line)
    vga_draw_nwords                          0x08002019   Thumb Code   100  vga.o(i.vga_draw_nwords)
    vga_draw_point                           0x08002081   Thumb Code   180  vga.o(i.vga_draw_point)
    vga_draw_rec                             0x08002139   Thumb Code    82  vga.o(i.vga_draw_rec)
    vga_draw_text                            0x0800218d   Thumb Code   112  vga.o(i.vga_draw_text)
    vga_init                                 0x08002201   Thumb Code    16  vga.o(i.vga_init)
    vga_word                                 0x08002210   Data         864  bitmap.o(.constdata)
    score_map                                0x08002570   Data          60  bitmap.o(.constdata)
    Region$$Table$$Base                      0x080025ac   Number         0  anon$$obj.o(Region$$Table)
    Region$$Table$$Limit                     0x080025cc   Number         0  anon$$obj.o(Region$$Table)
    move_time                                0x20000000   Data           2  snake.o(.data)
    tail                                     0x20000004   Data           4  snake.o(.data)
    head                                     0x20000008   Data           4  snake.o(.data)
    food                                     0x2000000c   Data           4  snake.o(.data)
    my_snake                                 0x20000010   Data           4  snake.o(.data)
    score_flag                               0x20000014   Data           1  snake.o(.data)
    cnt                                      0x20000024   Data           4  controller.o(.data)
    part3Dir                                 0x20000028   Data           1  controller.o(.data)
    buttonValue                              0x2000002a   Data           2  controller.o(.data)
    PS2_Cmd                                  0x2000002c   Data           2  controller.o(.data)
    PS2_Mask                                 0x2000002e   Data          16  controller.o(.data)
    adc_val                                  0x20000042   Data           2  adcrand.o(.data)
    fb                                       0x20000044   Data       10400  vga.o(.bss)
    PS2_Data                                 0x200028e4   Data           9  controller.o(.bss)
    _random_number_data                      0x200028f0   Data         228  rand.o(.bss)
    __libspace_start                         0x200029d4   Data          96  libspace.o(.bss)
    __temporary_stack_top$libspace           0x20002a34   Data           0  libspace.o(.bss)



==============================================================================

Memory Map of the image

  Image Entry point : 0x080000ed

  Load Region LR_IROM1 (Base: 0x08000000, Size: 0x00002610, Max: 0x00010000, ABSOLUTE)

    Execution Region ER_IROM1 (Base: 0x08000000, Size: 0x000025cc, Max: 0x00010000, ABSOLUTE)

    Base Addr    Size         Type   Attr      Idx    E Section Name        Object

    0x08000000   0x000000ec   Data   RO         1956    RESET               startup_stm32f10x_md.o
    0x080000ec   0x00000008   Code   RO         2078  * !!!main             c_w.l(__main.o)
    0x080000f4   0x00000034   Code   RO         2280    !!!scatter          c_w.l(__scatter.o)
    0x08000128   0x0000001a   Code   RO         2282    !!handler_copy      c_w.l(__scatter_copy.o)
    0x08000142   0x00000002   PAD
    0x08000144   0x0000001c   Code   RO         2284    !!handler_zi        c_w.l(__scatter_zi.o)
    0x08000160   0x00000002   Code   RO         2220    .ARM.Collect$$libinit$$00000000  c_w.l(libinit.o)
    0x08000162   0x00000000   Code   RO         2113    .ARM.Collect$$libinit$$00000002  c_w.l(libinit2.o)
    0x08000162   0x00000000   Code   RO         2115    .ARM.Collect$$libinit$$00000004  c_w.l(libinit2.o)
    0x08000162   0x00000008   Code   RO         2116    .ARM.Collect$$libinit$$00000005  c_w.l(libinit2.o)
    0x0800016a   0x00000000   Code   RO         2118    .ARM.Collect$$libinit$$0000000A  c_w.l(libinit2.o)
    0x0800016a   0x00000000   Code   RO         2120    .ARM.Collect$$libinit$$0000000C  c_w.l(libinit2.o)
    0x0800016a   0x00000004   Code   RO         2121    .ARM.Collect$$libinit$$0000000D  c_w.l(libinit2.o)
    0x0800016e   0x00000000   Code   RO         2122    .ARM.Collect$$libinit$$0000000E  c_w.l(libinit2.o)
    0x0800016e   0x00000000   Code   RO         2125    .ARM.Collect$$libinit$$00000011  c_w.l(libinit2.o)
    0x0800016e   0x00000000   Code   RO         2127    .ARM.Collect$$libinit$$00000013  c_w.l(libinit2.o)
    0x0800016e   0x00000000   Code   RO         2129    .ARM.Collect$$libinit$$00000015  c_w.l(libinit2.o)
    0x0800016e   0x00000000   Code   RO         2131    .ARM.Collect$$libinit$$00000017  c_w.l(libinit2.o)
    0x0800016e   0x00000000   Code   RO         2133    .ARM.Collect$$libinit$$00000019  c_w.l(libinit2.o)
    0x0800016e   0x00000000   Code   RO         2135    .ARM.Collect$$libinit$$0000001B  c_w.l(libinit2.o)
    0x0800016e   0x00000000   Code   RO         2137    .ARM.Collect$$libinit$$0000001D  c_w.l(libinit2.o)
    0x0800016e   0x00000000   Code   RO         2139    .ARM.Collect$$libinit$$0000001F  c_w.l(libinit2.o)
    0x0800016e   0x00000000   Code   RO         2141    .ARM.Collect$$libinit$$00000021  c_w.l(libinit2.o)
    0x0800016e   0x00000000   Code   RO         2143    .ARM.Collect$$libinit$$00000023  c_w.l(libinit2.o)
    0x0800016e   0x00000000   Code   RO         2145    .ARM.Collect$$libinit$$00000025  c_w.l(libinit2.o)
    0x0800016e   0x00000000   Code   RO         2149    .ARM.Collect$$libinit$$0000002C  c_w.l(libinit2.o)
    0x0800016e   0x00000000   Code   RO         2151    .ARM.Collect$$libinit$$0000002E  c_w.l(libinit2.o)
    0x0800016e   0x00000000   Code   RO         2153    .ARM.Collect$$libinit$$00000030  c_w.l(libinit2.o)
    0x0800016e   0x00000000   Code   RO         2155    .ARM.Collect$$libinit$$00000032  c_w.l(libinit2.o)
    0x0800016e   0x00000002   Code   RO         2156    .ARM.Collect$$libinit$$00000033  c_w.l(libinit2.o)
    0x08000170   0x00000002   Code   RO         2277    .ARM.Collect$$libshutdown$$00000000  c_w.l(libshutdown.o)
    0x08000172   0x00000000   Code   RO         2235    .ARM.Collect$$libshutdown$$00000003  c_w.l(libshutdown2.o)
    0x08000172   0x00000000   Code   RO         2238    .ARM.Collect$$libshutdown$$00000006  c_w.l(libshutdown2.o)
    0x08000172   0x00000000   Code   RO         2241    .ARM.Collect$$libshutdown$$00000009  c_w.l(libshutdown2.o)
    0x08000172   0x00000000   Code   RO         2243    .ARM.Collect$$libshutdown$$0000000B  c_w.l(libshutdown2.o)
    0x08000172   0x00000000   Code   RO         2246    .ARM.Collect$$libshutdown$$0000000E  c_w.l(libshutdown2.o)
    0x08000172   0x00000002   Code   RO         2247    .ARM.Collect$$libshutdown$$0000000F  c_w.l(libshutdown2.o)
    0x08000174   0x00000000   Code   RO         2082    .ARM.Collect$$rtentry$$00000000  c_w.l(__rtentry.o)
    0x08000174   0x00000000   Code   RO         2163    .ARM.Collect$$rtentry$$00000002  c_w.l(__rtentry2.o)
    0x08000174   0x00000006   Code   RO         2175    .ARM.Collect$$rtentry$$00000004  c_w.l(__rtentry4.o)
    0x0800017a   0x00000000   Code   RO         2165    .ARM.Collect$$rtentry$$00000009  c_w.l(__rtentry2.o)
    0x0800017a   0x00000004   Code   RO         2166    .ARM.Collect$$rtentry$$0000000A  c_w.l(__rtentry2.o)
    0x0800017e   0x00000000   Code   RO         2168    .ARM.Collect$$rtentry$$0000000C  c_w.l(__rtentry2.o)
    0x0800017e   0x00000008   Code   RO         2169    .ARM.Collect$$rtentry$$0000000D  c_w.l(__rtentry2.o)
    0x08000186   0x00000002   Code   RO         2223    .ARM.Collect$$rtexit$$00000000  c_w.l(rtexit.o)
    0x08000188   0x00000000   Code   RO         2251    .ARM.Collect$$rtexit$$00000002  c_w.l(rtexit2.o)
    0x08000188   0x00000004   Code   RO         2252    .ARM.Collect$$rtexit$$00000003  c_w.l(rtexit2.o)
    0x0800018c   0x00000006   Code   RO         2253    .ARM.Collect$$rtexit$$00000004  c_w.l(rtexit2.o)
    0x08000192   0x00000002   PAD
    0x08000194   0x00000034   Code   RO         2071    .emb_text           c_w.l(rand.o)
    0x080001c8   0x00000000   Code   RO         2179    .emb_text           c_w.l(maybetermalloc1.o)
    0x080001c8   0x00000040   Code   RO         1957    .text               startup_stm32f10x_md.o
    0x08000208   0x0000005e   Code   RO         2013    .text               c_w.l(h1_alloc.o)
    0x08000266   0x0000004e   Code   RO         2015    .text               c_w.l(h1_free.o)
    0x080002b4   0x0000003c   Code   RO         2072    .text               c_w.l(rand.o)
    0x080002f0   0x00000006   Code   RO         2076    .text               c_w.l(heapauxi.o)
    0x080002f6   0x00000002   PAD
    0x080002f8   0x00000008   Code   RO         2086    .text               c_w.l(rt_heap_descriptor_intlibspace.o)
    0x08000300   0x00000004   Code   RO         2088    .text               c_w.l(hguard.o)
    0x08000304   0x0000008a   Code   RO         2090    .text               c_w.l(init_alloc.o)
    0x0800038e   0x0000000e   Code   RO         2094    .text               c_w.l(h1_init.o)
    0x0800039c   0x00000008   Code   RO         2159    .text               c_w.l(libspace.o)
    0x080003a4   0x00000034   Code   RO         2181    .text               c_w.l(h1_extend.o)
    0x080003d8   0x0000000e   Code   RO         2185    .text               c_w.l(defsig_rtmem_outer.o)
    0x080003e6   0x00000002   Code   RO         2196    .text               c_w.l(use_no_semi.o)
    0x080003e8   0x00000000   Code   RO         2198    .text               c_w.l(indicate_semi.o)
    0x080003e8   0x0000004a   Code   RO         2199    .text               c_w.l(sys_stackheap_outer.o)
    0x08000432   0x0000000c   Code   RO         2205    .text               c_w.l(exit.o)
    0x0800043e   0x0000000a   Code   RO         2207    .text               c_w.l(defsig_exit.o)
    0x08000448   0x00000050   Code   RO         2209    .text               c_w.l(defsig_rtmem_inner.o)
    0x08000498   0x0000000c   Code   RO         2221    .text               c_w.l(sys_exit.o)
    0x080004a4   0x00000032   Code   RO         2231    .text               c_w.l(defsig_general.o)
    0x080004d6   0x0000000e   Code   RO         2248    .text               c_w.l(sys_wrch.o)
    0x080004e4   0x00000016   Code   RO          591    i.ADC_Cmd           stm32f10x_adc.o
    0x080004fa   0x00000016   Code   RO          592    i.ADC_DMACmd        stm32f10x_adc.o
    0x08000510   0x00000014   Code   RO          599    i.ADC_GetCalibrationStatus  stm32f10x_adc.o
    0x08000524   0x00000014   Code   RO          605    i.ADC_GetResetCalibrationStatus  stm32f10x_adc.o
    0x08000538   0x00000050   Code   RO          609    i.ADC_Init          stm32f10x_adc.o
    0x08000588   0x000000b8   Code   RO          613    i.ADC_RegularChannelConfig  stm32f10x_adc.o
    0x08000640   0x0000000a   Code   RO          614    i.ADC_ResetCalibration  stm32f10x_adc.o
    0x0800064a   0x00000016   Code   RO          616    i.ADC_SoftwareStartConvCmd  stm32f10x_adc.o
    0x08000660   0x0000000a   Code   RO          618    i.ADC_StartCalibration  stm32f10x_adc.o
    0x0800066a   0x00000002   PAD
    0x0800066c   0x00000070   Code   RO          202    i.DMA1_Channel3_IRQHandler  vga.o
    0x080006dc   0x00000018   Code   RO          821    i.DMA_Cmd           stm32f10x_dma.o
    0x080006f4   0x0000014c   Code   RO          822    i.DMA_DeInit        stm32f10x_dma.o
    0x08000840   0x00000012   Code   RO          826    i.DMA_ITConfig      stm32f10x_dma.o
    0x08000852   0x0000003c   Code   RO          827    i.DMA_Init          stm32f10x_dma.o
    0x0800088e   0x00000116   Code   RO          909    i.GPIO_Init         stm32f10x_gpio.o
    0x080009a4   0x00000012   Code   RO          913    i.GPIO_ReadInputDataBit  stm32f10x_gpio.o
    0x080009b6   0x00000004   Code   RO          916    i.GPIO_ResetBits    stm32f10x_gpio.o
    0x080009ba   0x00000004   Code   RO          917    i.GPIO_SetBits      stm32f10x_gpio.o
    0x080009be   0x00000002   PAD
    0x080009c0   0x00000070   Code   RO          537    i.NVIC_Init         misc.o
    0x08000a30   0x00000018   Code   RO         1029    i.RCC_ADCCLKConfig  stm32f10x_rcc.o
    0x08000a48   0x00000020   Code   RO         1030    i.RCC_AHBPeriphClockCmd  stm32f10x_rcc.o
    0x08000a68   0x00000020   Code   RO         1031    i.RCC_APB1PeriphClockCmd  stm32f10x_rcc.o
    0x08000a88   0x00000020   Code   RO         1033    i.RCC_APB2PeriphClockCmd  stm32f10x_rcc.o
    0x08000aa8   0x00000018   Code   RO         1245    i.SPI_CalculateCRC  stm32f10x_spi.o
    0x08000ac0   0x00000018   Code   RO         1246    i.SPI_Cmd           stm32f10x_spi.o
    0x08000ad8   0x0000003c   Code   RO         1259    i.SPI_Init          stm32f10x_spi.o
    0x08000b14   0x00000008   Code   RO         1964    i.SetSysClock       system_stm32f10x.o
    0x08000b1c   0x000000e0   Code   RO         1965    i.SetSysClockTo72   system_stm32f10x.o
    0x08000bfc   0x00000060   Code   RO         1967    i.SystemInit        system_stm32f10x.o
    0x08000c5c   0x00000024   Code   RO          203    i.TIM1_CC_IRQHandler  vga.o
    0x08000c80   0x00000018   Code   RO          204    i.TIM2_IRQHandler   vga.o
    0x08000c98   0x00000018   Code   RO         1413    i.TIM_Cmd           stm32f10x_tim.o
    0x08000cb0   0x0000001e   Code   RO         1415    i.TIM_CtrlPWMOutputs  stm32f10x_tim.o
    0x08000cce   0x00000012   Code   RO         1438    i.TIM_ITConfig      stm32f10x_tim.o
    0x08000ce0   0x00000098   Code   RO         1442    i.TIM_OC1Init       stm32f10x_tim.o
    0x08000d78   0x000000a4   Code   RO         1447    i.TIM_OC2Init       stm32f10x_tim.o
    0x08000e1c   0x000000a0   Code   RO         1452    i.TIM_OC3Init       stm32f10x_tim.o
    0x08000ebc   0x00000012   Code   RO         1466    i.TIM_SelectInputTrigger  stm32f10x_tim.o
    0x08000ece   0x00000012   Code   RO         1467    i.TIM_SelectMasterSlaveMode  stm32f10x_tim.o
    0x08000ee0   0x00000012   Code   RO         1470    i.TIM_SelectOutputTrigger  stm32f10x_tim.o
    0x08000ef2   0x00000012   Code   RO         1471    i.TIM_SelectSlaveMode  stm32f10x_tim.o
    0x08000f04   0x000000a4   Code   RO         1484    i.TIM_TimeBaseInit  stm32f10x_tim.o
    0x08000fa8   0x000000a4   Code   RO          492    i.adc1_c2_config    adcrand.o
    0x0800104c   0x00000024   Code   RO          493    i.adc_ran_num       adcrand.o
    0x08001070   0x0000000c   Code   RO          494    i.adcrand_init      adcrand.o
    0x0800107c   0x00000028   Code   RO            4    i.add_head          snake.o
    0x080010a4   0x00000028   Code   RO            5    i.clear_tail        snake.o
    0x080010cc   0x00000018   Code   RO          355    i.clrPS2Buff        controller.o
    0x080010e4   0x00000060   Code   RO          356    i.controller_config  controller.o
    0x08001144   0x00000040   Code   RO          454    i.delay_init        delay.o
    0x08001184   0x0000003c   Code   RO          455    i.delay_ms          delay.o
    0x080011c0   0x0000003c   Code   RO          456    i.delay_us          delay.o
    0x080011fc   0x00000060   Code   RO          495    i.dma1_c1_config    adcrand.o
    0x0800125c   0x00000050   Code   RO            6    i.draw_block        snake.o
    0x080012ac   0x00000024   Code   RO            7    i.draw_snake        snake.o
    0x080012d0   0x0000005c   Code   RO          357    i.enterSettings     controller.o
    0x0800132c   0x00000080   Code   RO            8    i.food_generate     snake.o
    0x080013ac   0x0000001c   Code   RO            9    i.free_snake        snake.o
    0x080013c8   0x0000004c   Code   RO          358    i.getButtonData     controller.o
    0x08001414   0x00000040   Code   RO           10    i.is_dir_right      snake.o
    0x08001454   0x00000020   Code   RO          172    i.main              main.o
    0x08001474   0x000000fc   Code   RO           11    i.move_on           snake.o
    0x08001570   0x00000012   Code   RO           12    i.on_snaking        snake.o
    0x08001582   0x0000001e   Code   RO          173    i.rcc_config        main.o
    0x080015a0   0x0000005c   Code   RO          361    i.saveChangesAndExit  controller.o
    0x080015fc   0x000000b8   Code   RO          362    i.sendCmd2MCU       controller.o
    0x080016b4   0x00000090   Code   RO          363    i.sendCmd2PS2       controller.o
    0x08001744   0x00000044   Code   RO          364    i.shortPoll         controller.o
    0x08001788   0x0000005c   Code   RO           13    i.show_score        snake.o
    0x080017e4   0x00000080   Code   RO           14    i.snake_init        snake.o
    0x08001864   0x00000138   Code   RO           15    i.snake_start       snake.o
    0x0800199c   0x00000108   Code   RO          205    i.spi_config        vga.o
    0x08001aa4   0x00000014   Code   RO          309    i.strLen            str_dealing.o
    0x08001ab8   0x000001a0   Code   RO          206    i.timer_config      vga.o
    0x08001c58   0x00000054   Code   RO          365    i.turnOnModeChange  controller.o
    0x08001cac   0x00000044   Code   RO          366    i.turnOnVibrationMode  controller.o
    0x08001cf0   0x000001e4   Code   RO          207    i.vga_bitblt        vga.o
    0x08001ed4   0x00000034   Code   RO          208    i.vga_clear_screen  vga.o
    0x08001f08   0x0000010e   Code   RO          209    i.vga_draw_line     vga.o
    0x08002016   0x00000002   PAD
    0x08002018   0x00000068   Code   RO          210    i.vga_draw_nwords   vga.o
    0x08002080   0x000000b8   Code   RO          211    i.vga_draw_point    vga.o
    0x08002138   0x00000052   Code   RO          212    i.vga_draw_rec      vga.o
    0x0800218a   0x00000002   PAD
    0x0800218c   0x00000074   Code   RO          213    i.vga_draw_text     vga.o
    0x08002200   0x00000010   Code   RO          215    i.vga_init          vga.o
    0x08002210   0x0000039c   Data   RO          333    .constdata          bitmap.o
    0x080025ac   0x00000020   Data   RO         2278    Region$$Table       anon$$obj.o


    Execution Region RW_IRAM1 (Base: 0x20000000, Size: 0x00003038, Max: 0x00005000, ABSOLUTE)

    Base Addr    Size         Type   Attr      Idx    E Section Name        Object

    0x20000000   0x00000015   Data   RW           16    .data               snake.o
    0x20000015   0x00000003   PAD
    0x20000018   0x0000000c   Data   RW          217    .data               vga.o
    0x20000024   0x0000001a   Data   RW          368    .data               controller.o
    0x2000003e   0x00000004   Data   RW          457    .data               delay.o
    0x20000042   0x00000002   Data   RW          496    .data               adcrand.o
    0x20000044   0x000028a0   Zero   RW          216    .bss                vga.o
    0x200028e4   0x00000009   Zero   RW          367    .bss                controller.o
    0x200028ed   0x00000003   PAD
    0x200028f0   0x000000e4   Zero   RW         2073    .bss                c_w.l(rand.o)
    0x200029d4   0x00000060   Zero   RW         2160    .bss                c_w.l(libspace.o)
    0x20002a34   0x00000004   PAD
    0x20002a38   0x00000200   Zero   RW         1955    HEAP                startup_stm32f10x_md.o
    0x20002c38   0x00000400   Zero   RW         1954    STACK               startup_stm32f10x_md.o


==============================================================================

Image component sizes


      Code (inc. data)   RO Data    RW Data    ZI Data      Debug   Object Name

       308         26          0          2          0       2517   adcrand.o
         0          0        924          0          0        577   bitmap.o
       928         74          0         26          9       5684   controller.o
       184         16          0          4          0       1555   delay.o
        62          0          0          0          0        860   main.o
       112         12          0          0          0       1124   misc.o
      1218        164          0         21          0     271928   snake.o
        64         26        236          0       1536        812   startup_stm32f10x_md.o
       390         10          0          0          0       7673   stm32f10x_adc.o
       434          8          0          0          0       4197   stm32f10x_dma.o
       304          0          0          0          0       3820   stm32f10x_gpio.o
       120         24          0          0          0       2361   stm32f10x_rcc.o
       108          0          0          0          0       2840   stm32f10x_spi.o
       784         82          0          0          0       7700   stm32f10x_tim.o
        20          0          0          0          0        481   str_dealing.o
       328         28          0          0          0       1969   system_stm32f10x.o
      2160         90          0         12      10400      10155   vga.o

    ----------------------------------------------------------------------
      7532        560       1192         68      11948     326253   Object Totals
         0          0         32          0          0          0   (incl. Generated)
         8          0          0          3          3          0   (incl. Padding)

    ----------------------------------------------------------------------

      Code (inc. data)   RO Data    RW Data    ZI Data      Debug   Library Member Name

         8          0          0          0          0         68   __main.o
         0          0          0          0          0          0   __rtentry.o
        12          0          0          0          0          0   __rtentry2.o
         6          0          0          0          0          0   __rtentry4.o
        52          8          0          0          0          0   __scatter.o
        26          0          0          0          0          0   __scatter_copy.o
        28          0          0          0          0          0   __scatter_zi.o
        10          0          0          0          0         68   defsig_exit.o
        50          0          0          0          0         88   defsig_general.o
        80         58          0          0          0         76   defsig_rtmem_inner.o
        14          0          0          0          0         80   defsig_rtmem_outer.o
        12          0          0          0          0         72   exit.o
        94          0          0          0          0         80   h1_alloc.o
        52          0          0          0          0         68   h1_extend.o
        78          0          0          0          0         80   h1_free.o
        14          0          0          0          0         84   h1_init.o
         6          0          0          0          0        152   heapauxi.o
         4          0          0          0          0        136   hguard.o
         0          0          0          0          0          0   indicate_semi.o
       138          0          0          0          0        168   init_alloc.o
         2          0          0          0          0          0   libinit.o
        14          0          0          0          0          0   libinit2.o
         2          0          0          0          0          0   libshutdown.o
         2          0          0          0          0          0   libshutdown2.o
         8          4          0          0         96         68   libspace.o
         0          0          0          0          0          0   maybetermalloc1.o
       112         18          0          0        228        160   rand.o
         8          4          0          0          0         68   rt_heap_descriptor_intlibspace.o
         2          0          0          0          0          0   rtexit.o
        10          0          0          0          0          0   rtexit2.o
        12          4          0          0          0         68   sys_exit.o
        74          0          0          0          0         80   sys_stackheap_outer.o
        14          0          0          0          0         76   sys_wrch.o
         2          0          0          0          0         68   use_no_semi.o

    ----------------------------------------------------------------------
       952         96          0          0        328       1808   Library Totals
         6          0          0          0          4          0   (incl. Padding)

    ----------------------------------------------------------------------

      Code (inc. data)   RO Data    RW Data    ZI Data      Debug   Library Name

       946         96          0          0        324       1808   c_w.l

    ----------------------------------------------------------------------
       952         96          0          0        328       1808   Library Totals

    ----------------------------------------------------------------------

==============================================================================


      Code (inc. data)   RO Data    RW Data    ZI Data      Debug   

      8484        656       1192         68      12276     322909   Grand Totals
      8484        656       1192         68      12276     322909   ELF Image Totals
      8484        656       1192         68          0          0   ROM Totals

==============================================================================

    Total RO  Size (Code + RO Data)                 9676 (   9.45kB)
    Total RW  Size (RW Data + ZI Data)             12344 (  12.05kB)
    Total ROM Size (Code + RO Data + RW Data)       9744 (   9.52kB)

==============================================================================

